<html>
<body>
<pre>
<h1>µVision Build Log</h1>
<h2>Tool Versions:</h2>
IDE-Version: ¦ÌVision V5.43.1.0
Copyright (C) 2025 ARM Ltd and ARM Germany GmbH. All rights reserved.
License Information: Jiayao Hui, 1, LIC=32B1Q-N3IIM-WFSI7-E600P-FD8AW-I6K2E
 
Tool Versions:
Toolchain:       MDK-ARM Plus  Version: 5.43.0.0
Toolchain Path:  D:\Study\Keil5\ARM\ARMCLANG\Bin
C Compiler:      ArmClang.exe V6.24
Assembler:       Armasm.exe V6.24
Linker/Locator:  ArmLink.exe V6.24
Library Manager: ArmAr.exe V6.24
Hex Converter:   FromElf.exe V6.24
CPU DLL:         SARMCM3.DLL V5.43.0.0
Dialog DLL:      DARMCM1.DLL V1.19.6.0
Target DLL:      CMSIS_AGDI.dll V1.33.24.0
Dialog DLL:      TARMCM1.DLL V1.14.6.0
 
<h2>Project:</h2>
D:\Study\Keil5\project\empty\Project\empty.uvprojx
Project File Date:  05/20/2026

<h2>Output:</h2>
*** Using Compiler 'V6.24', folder: 'D:\Study\Keil5\ARM\ARMCLANG\Bin'
Rebuild target 'KEIL_M0G3519'
compiling temperature_test.c...
compiling adc.c...
compiling ringbuffer.c...
compiling pwm.c...
compiling key.c...
compiling oledfont.c...
compiling uart.c...
compiling dac_test.c...
compiling dac.c...
compiling oled_spi.c...
compiling dl_comp.c...
compiling dl_aes.c...
compiling dl_common.c...
compiling dl_adc12.c...
compiling dl_crcp.c...
compiling dl_crc.c...
compiling dl_dma.c...
compiling w24q64.c...
compiling dl_aesadv.c...
compiling dl_dac12.c...
compiling uart_ringbuffer.c...
compiling adc_test.c...
compiling buzzer.c...
compiling test.c...
compiling dl_flashctl.c...
compiling led.c...
compiling uart_test.c...
compiling delay.c...
compiling temperature.c...
compiling spi.c...
compiling main.c...
compiling flash.c...
compiling ti_msp_dl_config.c...
compiling audio_task.c...
compiling dl_gpamp.c...
compiling dl_gpio.c...
compiling dl_i2s.c...
compiling dl_lcd.c...
compiling dl_iwdt.c...
compiling dl_keystorectl.c...
compiling dl_i2c.c...
compiling dl_lfss.c...
compiling dl_mathacl.c...
compiling dl_npu.c...
compiling dl_opa.c...
compiling dl_rtc.c...
compiling dl_rtc_a.c...
compiling dl_mcan.c...
compiling dl_rtc_b.c...
compiling dl_scratchpad.c...
compiling dl_spgss.c...
compiling dl_rtc_common.c...
compiling dl_spi.c...
compiling dl_tamperio.c...
compiling dl_timera.c...
compiling dl_timer.c...
compiling dl_timerb.c...
compiling dl_timerg.c...
compiling dl_trng.c...
compiling dl_uart.c...
compiling dl_unicomm.c...
compiling dl_unicommi2cc.c...
compiling dl_unicommi2ct.c...
compiling dl_unicommspi.c...
compiling dl_unicommuart.c...
compiling dl_vref.c...
compiling dl_wwdt.c...
compiling dl_factoryregion.c...
compiling dl_interrupt.c...
assembling startup_mspm0g351x_uvision.s...
compiling dl_sysctl_mspm0gx51x.c...
linking...
Program Size: Code=17652 RO-data=1688 RW-data=92 ZI-data=9364  
FromELF: creating hex file...
"..\Output\evm_test.axf" - 0 Error(s), 0 Warning(s).

<h2>Software Packages used:</h2>

Package Vendor: TexasInstruments
                https://software-dl.ti.com/msp430/esd/MSPM0-CMSIS/MSPM0GX51X/latest/exports/TexasInstruments.MSPM0GX51X_DFP.1.0.0.pack
                TexasInstruments::MSPM0GX51X_DFP@1.0.0
                Device Family Pack for Texas Instruments MSPM0GX51X Series

<h2>Collection of Component include folders:</h2>

<h2>Collection of Component Files used:</h2>
Build Time Elapsed:  00:00:06
</pre>
</body>
</html>
