Component: Arm Compiler for Embedded 6.24 Tool: armlink [5f371500]

==============================================================================

Section Cross References

    adc.o(.text.ADC_init) refers to adc.o(.text.ADC_InitChannelStates) for ADC_InitChannelStates
    adc.o(.text.ADC_init) refers to adc.o(.bss.g_adcLastStatus) for [Anonymous Symbol]
    adc.o(.ARM.exidx.text.ADC_init) refers to adc.o(.text.ADC_init) for [Anonymous Symbol]
    adc.o(.text.ADC_InitChannelStates) refers to adc.o(.text.ADC_ChannelState_Init) for ADC_ChannelState_Init
    adc.o(.text.ADC_InitChannelStates) refers to adc.o(.bss.g_adcChannelStates) for [Anonymous Symbol]
    adc.o(.ARM.exidx.text.ADC_InitChannelStates) refers to adc.o(.text.ADC_InitChannelStates) for [Anonymous Symbol]
    adc.o(.text.ADC_read) refers to adc.o(.text.ADC_getInstance) for ADC_getInstance
    adc.o(.text.ADC_read) refers to adc.o(.text.DL_ADC12_disableConversions) for DL_ADC12_disableConversions
    adc.o(.text.ADC_read) refers to adc.o(.text.DL_Common_updateReg) for DL_Common_updateReg
    adc.o(.text.ADC_read) refers to adc.o(.text.DL_ADC12_enableConversions) for DL_ADC12_enableConversions
    adc.o(.text.ADC_read) refers to adc.o(.text.DL_ADC12_configHwAverage) for DL_ADC12_configHwAverage
    adc.o(.text.ADC_read) refers to adc.o(.text.DL_ADC12_configConversionMem) for DL_ADC12_configConversionMem
    adc.o(.text.ADC_read) refers to adc.o(.text.DL_ADC12_startConversion) for DL_ADC12_startConversion
    adc.o(.text.ADC_read) refers to adc.o(.text.DL_ADC12_getRawInterruptStatus) for DL_ADC12_getRawInterruptStatus
    adc.o(.text.ADC_read) refers to adc.o(.text.DL_ADC12_clearInterruptStatus) for DL_ADC12_clearInterruptStatus
    adc.o(.text.ADC_read) refers to adc.o(.text.DL_ADC12_getMemResult) for DL_ADC12_getMemResult
    adc.o(.text.ADC_read) refers to adc.o(.bss.g_adcChannelStates) for [Anonymous Symbol]
    adc.o(.text.ADC_read) refers to adc.o(.bss.g_adcLastStatus) for [Anonymous Symbol]
    adc.o(.ARM.exidx.text.ADC_read) refers to adc.o(.text.ADC_read) for [Anonymous Symbol]
    adc.o(.ARM.exidx.text.ADC_getInstance) refers to adc.o(.text.ADC_getInstance) for [Anonymous Symbol]
    adc.o(.ARM.exidx.text.DL_ADC12_disableConversions) refers to adc.o(.text.DL_ADC12_disableConversions) for [Anonymous Symbol]
    adc.o(.ARM.exidx.text.DL_Common_updateReg) refers to adc.o(.text.DL_Common_updateReg) for [Anonymous Symbol]
    adc.o(.ARM.exidx.text.DL_ADC12_enableConversions) refers to adc.o(.text.DL_ADC12_enableConversions) for [Anonymous Symbol]
    adc.o(.text.DL_ADC12_configHwAverage) refers to adc.o(.text.DL_Common_updateReg) for DL_Common_updateReg
    adc.o(.ARM.exidx.text.DL_ADC12_configHwAverage) refers to adc.o(.text.DL_ADC12_configHwAverage) for [Anonymous Symbol]
    adc.o(.ARM.exidx.text.DL_ADC12_configConversionMem) refers to adc.o(.text.DL_ADC12_configConversionMem) for [Anonymous Symbol]
    adc.o(.ARM.exidx.text.DL_ADC12_startConversion) refers to adc.o(.text.DL_ADC12_startConversion) for [Anonymous Symbol]
    adc.o(.ARM.exidx.text.DL_ADC12_getRawInterruptStatus) refers to adc.o(.text.DL_ADC12_getRawInterruptStatus) for [Anonymous Symbol]
    adc.o(.ARM.exidx.text.DL_ADC12_clearInterruptStatus) refers to adc.o(.text.DL_ADC12_clearInterruptStatus) for [Anonymous Symbol]
    adc.o(.ARM.exidx.text.DL_ADC12_getMemResult) refers to adc.o(.text.DL_ADC12_getMemResult) for [Anonymous Symbol]
    adc.o(.text.ADC_readVoltage) refers to adc.o(.text.ADC_read) for ADC_read
    adc.o(.text.ADC_readVoltage) refers to fflti.o(.text) for __aeabi_ui2f
    adc.o(.text.ADC_readVoltage) refers to fmul.o(x$fpl$fmul) for __aeabi_fmul
    adc.o(.text.ADC_readVoltage) refers to fdiv.o(.text) for __aeabi_fdiv
    adc.o(.ARM.exidx.text.ADC_readVoltage) refers to adc.o(.text.ADC_readVoltage) for [Anonymous Symbol]
    adc.o(.text.ADC_readAverage) refers to adc.o(.text.ADC_getInstance) for ADC_getInstance
    adc.o(.text.ADC_readAverage) refers to adc.o(.text.DL_ADC12_disableConversions) for DL_ADC12_disableConversions
    adc.o(.text.ADC_readAverage) refers to adc.o(.text.DL_Common_updateReg) for DL_Common_updateReg
    adc.o(.text.ADC_readAverage) refers to adc.o(.text.DL_ADC12_enableConversions) for DL_ADC12_enableConversions
    adc.o(.text.ADC_readAverage) refers to adc.o(.text.DL_ADC12_configHwAverage) for DL_ADC12_configHwAverage
    adc.o(.text.ADC_readAverage) refers to adc.o(.text.DL_ADC12_configConversionMem) for DL_ADC12_configConversionMem
    adc.o(.text.ADC_readAverage) refers to adc.o(.text.DL_ADC12_startConversion) for DL_ADC12_startConversion
    adc.o(.text.ADC_readAverage) refers to adc.o(.text.DL_ADC12_getRawInterruptStatus) for DL_ADC12_getRawInterruptStatus
    adc.o(.text.ADC_readAverage) refers to adc.o(.text.DL_ADC12_clearInterruptStatus) for DL_ADC12_clearInterruptStatus
    adc.o(.text.ADC_readAverage) refers to adc.o(.text.DL_ADC12_getMemResult) for DL_ADC12_getMemResult
[...]
    [Anonymous Symbol]                       0x000047b8   Section        0  ti_msp_dl_config.o(.rodata.gPWM_0ClockConfig)
    gPWM_0Config                             0x000047bc   Data           8  ti_msp_dl_config.o(.rodata.gPWM_0Config)
    [Anonymous Symbol]                       0x000047bc   Section        0  ti_msp_dl_config.o(.rodata.gPWM_0Config)
    gSPI_W25Q64_clockConfig                  0x000047c4   Data           2  ti_msp_dl_config.o(.rodata.gSPI_W25Q64_clockConfig)
    [Anonymous Symbol]                       0x000047c4   Section        0  ti_msp_dl_config.o(.rodata.gSPI_W25Q64_clockConfig)
    gSPI_W25Q64_config                       0x000047c6   Data          10  ti_msp_dl_config.o(.rodata.gSPI_W25Q64_config)
    [Anonymous Symbol]                       0x000047c6   Section        0  ti_msp_dl_config.o(.rodata.gSPI_W25Q64_config)
    gSPI_clockConfig                         0x000047d0   Data           2  ti_msp_dl_config.o(.rodata.gSPI_clockConfig)
    [Anonymous Symbol]                       0x000047d0   Section        0  ti_msp_dl_config.o(.rodata.gSPI_clockConfig)
    gSPI_config                              0x000047d2   Data          10  ti_msp_dl_config.o(.rodata.gSPI_config)
    [Anonymous Symbol]                       0x000047d2   Section        0  ti_msp_dl_config.o(.rodata.gSPI_config)
    gSYSPLLConfig                            0x000047dc   Data          40  ti_msp_dl_config.o(.rodata.gSYSPLLConfig)
    [Anonymous Symbol]                       0x000047dc   Section        0  ti_msp_dl_config.o(.rodata.gSYSPLLConfig)
    gTIMER_0ClockConfig                      0x00004804   Data           3  ti_msp_dl_config.o(.rodata.gTIMER_0ClockConfig)
    [Anonymous Symbol]                       0x00004804   Section        0  ti_msp_dl_config.o(.rodata.gTIMER_0ClockConfig)
    gTIMER_0TimerConfig                      0x00004808   Data          20  ti_msp_dl_config.o(.rodata.gTIMER_0TimerConfig)
    [Anonymous Symbol]                       0x00004808   Section        0  ti_msp_dl_config.o(.rodata.gTIMER_0TimerConfig)
    gUART_0ClockConfig                       0x0000481c   Data           2  ti_msp_dl_config.o(.rodata.gUART_0ClockConfig)
    [Anonymous Symbol]                       0x0000481c   Section        0  ti_msp_dl_config.o(.rodata.gUART_0ClockConfig)
    gUART_0Config                            0x0000481e   Data          10  ti_msp_dl_config.o(.rodata.gUART_0Config)
    [Anonymous Symbol]                       0x0000481e   Section        0  ti_msp_dl_config.o(.rodata.gUART_0Config)
    gVREFClockConfig                         0x00004828   Data           2  ti_msp_dl_config.o(.rodata.gVREFClockConfig)
    [Anonymous Symbol]                       0x00004828   Section        0  ti_msp_dl_config.o(.rodata.gVREFClockConfig)
    gVREFConfig                              0x0000482a   Data           8  ti_msp_dl_config.o(.rodata.gVREFConfig)
    [Anonymous Symbol]                       0x0000482a   Section        0  ti_msp_dl_config.o(.rodata.gVREFConfig)
    [Anonymous Symbol]                       0x00004832   Section        0  temperature.o(.rodata.str1.1)
    [Anonymous Symbol]                       0x000048c7   Section        0  temperature_test.o(.rodata.str1.1)
    locale$$data                             0x00004a70   Section       28  lc_numeric_c.o(locale$$data)
    __lcnum_c_name                           0x00004a74   Data           2  lc_numeric_c.o(locale$$data)
    __lcnum_c_start                          0x00004a7c   Data           0  lc_numeric_c.o(locale$$data)
    __lcnum_c_point                          0x00004a88   Data           0  lc_numeric_c.o(locale$$data)
    __lcnum_c_thousands                      0x00004a8a   Data           0  lc_numeric_c.o(locale$$data)
    __lcnum_c_grouping                       0x00004a8b   Data           0  lc_numeric_c.o(locale$$data)
    __lcnum_c_end                            0x00004a8c   Data           0  lc_numeric_c.o(locale$$data)
    locale$$data                             0x00004a8c   Section      272  lc_ctype_c.o(locale$$data)
    __lcctype_c_name                         0x00004a90   Data           2  lc_ctype_c.o(locale$$data)
    __lcctype_c_start                        0x00004a98   Data           0  lc_ctype_c.o(locale$$data)
    __lcctype_c_end                          0x00004b9c   Data           0  lc_ctype_c.o(locale$$data)
    g_uartSlots                              0x20200048   Data          20  uart.o(.data.g_uartSlots)
    [Anonymous Symbol]                       0x20200048   Section        0  uart.o(.data.g_uartSlots)
    .bss                                     0x20200060   Section       96  libspace.o(.bss)
    g_adcChannelStates                       0x20200298   Data         576  adc.o(.bss.g_adcChannelStates)
    [Anonymous Symbol]                       0x20200298   Section        0  adc.o(.bss.g_adcChannelStates)
    g_adcLastStatus                          0x202004d8   Data           1  adc.o(.bss.g_adcLastStatus)
    [Anonymous Symbol]                       0x202004d8   Section        0  adc.o(.bss.g_adcLastStatus)
    g_cal                                    0x202004dc   Data           4  temperature.o(.bss.g_cal)
    [Anonymous Symbol]                       0x202004dc   Section        0  temperature.o(.bss.g_cal)
    g_dbg                                    0x202004e0   Data           4  temperature.o(.bss.g_dbg)
    [Anonymous Symbol]                       0x202004e0   Section        0  temperature.o(.bss.g_dbg)
    g_init                                   0x202004e4   Data           1  temperature.o(.bss.g_init)
    [Anonymous Symbol]                       0x202004e4   Section        0  temperature.o(.bss.g_init)
    g_uart                                   0x202004e8   Data           4  temperature_test.o(.bss.g_uart)
    [Anonymous Symbol]                       0x202004e8   Section        0  temperature_test.o(.bss.g_uart)
    Heap_Mem                                 0x202004f0   Data           0  startup_mspm0g351x_uvision.o(HEAP)
    Stack_Mem                                0x202004f0   Data        8192  startup_mspm0g351x_uvision.o(STACK)
    HEAP                                     0x202004f0   Section        0  startup_mspm0g351x_uvision.o(HEAP)
    STACK                                    0x202004f0   Section     8192  startup_mspm0g351x_uvision.o(STACK)
    __initial_sp                             0x202024f0   Data           0  startup_mspm0g351x_uvision.o(STACK)

    Global Symbols

    Symbol Name                              Value     Ov Type        Size  Object(Section)

    BuildAttributes$$THM_ISAv3M$S$PE$A:L22$X:L11$S22$IEEE1$IW$~IW$USESV6$~STKCKD$USESV7$~SHL$OTIME$ROPI$IEEEX$EBA8$UX$STANDARDLIB$REQ8$PRES8$EABIv2 0x00000000   Number         0  anon$$obj.o ABSOLUTE
    __Vectors                                0x00000000   Data           4  startup_mspm0g351x_uvision.o(RESET)
    _printf_flags                            0x00000000   Number         0  printf_stubs.o ABSOLUTE
    _printf_return_value                     0x00000000   Number         0  printf_stubs.o ABSOLUTE
    _printf_sizespec                         0x00000000   Number         0  printf_stubs.o ABSOLUTE
    _printf_widthprec                        0x00000000   Number         0  printf_stubs.o ABSOLUTE
    __ARM_exceptions_init                     - Undefined Weak Reference
    __alloca_initialize                       - Undefined Weak Reference
    __arm_preinit_                            - Undefined Weak Reference
    __arm_relocate_pie_                       - Undefined Weak Reference
    __cpp_initialize__aeabi_                  - Undefined Weak Reference
    __cxa_finalize                            - Undefined Weak Reference
    __sigvec_lookup                           - Undefined Weak Reference
    _atexit_init                              - Undefined Weak Reference
    _call_atexit_fns                          - Undefined Weak Reference
    _clock_init                               - Undefined Weak Reference
    _fp_trap_init                             - Undefined Weak Reference
    _fp_trap_shutdown                         - Undefined Weak Reference
    _get_lc_collate                           - Undefined Weak Reference
    _get_lc_monetary                          - Undefined Weak Reference
    _get_lc_time                              - Undefined Weak Reference
    _getenv_init                              - Undefined Weak Reference
    _handle_redirection                       - Undefined Weak Reference
    _init_alloc                               - Undefined Weak Reference
    _init_user_alloc                          - Undefined Weak Reference
    _initio                                   - Undefined Weak Reference
    _printf_mbtowc                            - Undefined Weak Reference
    _printf_wc                                - Undefined Weak Reference
    _rand_init                                - Undefined Weak Reference
    _signal_finish                            - Undefined Weak Reference
    _signal_init                              - Undefined Weak Reference
    _terminate_alloc                          - Undefined Weak Reference
    _terminate_user_alloc                     - Undefined Weak Reference
    _terminateio                              - Undefined Weak Reference
    __Vectors_End                            0x000000c0   Data           0  startup_mspm0g351x_uvision.o(RESET)
    __Vectors_Size                           0x000000c0   Number         0  startup_mspm0g351x_uvision.o ABSOLUTE
    __main                                   0x000000c1   Thumb Code     8  __main.o(!!!main)
    __scatterload                            0x000000c9   Thumb Code     0  __scatter.o(!!!scatter)
    __scatterload_rt2                        0x000000c9   Thumb Code    74  __scatter.o(!!!scatter)
    __scatterload_rt2_thumb_only             0x000000c9   Thumb Code     0  __scatter.o(!!!scatter)
    __scatterload_loop                       0x000000d3   Thumb Code     0  __scatter.o(!!!scatter)
    __scatterload_copy                       0x00000121   Thumb Code    26  __scatter_copy.o(!!handler_copy)
    __scatterload_null                       0x00000141   Thumb Code     2  __scatter.o(!!handler_null)
    __scatterload_zeroinit                   0x00000149   Thumb Code    28  __scatter_zi.o(!!handler_zi)
    _printf_percent                          0x00000165   Thumb Code     0  _printf_percent.o(.ARM.Collect$$_printf_percent$$00000000)
    _printf_n                                0x00000167   Thumb Code     0  _printf_n.o(.ARM.Collect$$_printf_percent$$00000001)
    _printf_p                                0x00000171   Thumb Code     0  _printf_p.o(.ARM.Collect$$_printf_percent$$00000002)
    _printf_f                                0x0000017b   Thumb Code     0  _printf_f.o(.ARM.Collect$$_printf_percent$$00000003)
    _printf_e                                0x00000185   Thumb Code     0  _printf_e.o(.ARM.Collect$$_printf_percent$$00000004)
    _printf_g                                0x0000018f   Thumb Code     0  _printf_g.o(.ARM.Collect$$_printf_percent$$00000005)
    _printf_a                                0x00000199   Thumb Code     0  _printf_a.o(.ARM.Collect$$_printf_percent$$00000006)
    _printf_ll                               0x000001a3   Thumb Code     0  _printf_ll.o(.ARM.Collect$$_printf_percent$$00000007)
    _printf_i                                0x000001ad   Thumb Code     0  _printf_i.o(.ARM.Collect$$_printf_percent$$00000008)
    _printf_d                                0x000001b7   Thumb Code     0  _printf_d.o(.ARM.Collect$$_printf_percent$$00000009)
    _printf_u                                0x000001c1   Thumb Code     0  _printf_u.o(.ARM.Collect$$_printf_percent$$0000000A)
    _printf_o                                0x000001cb   Thumb Code     0  _printf_o.o(.ARM.Collect$$_printf_percent$$0000000B)
    _printf_x                                0x000001d5   Thumb Code     0  _printf_x.o(.ARM.Collect$$_printf_percent$$0000000C)
    _printf_lli                              0x000001df   Thumb Code     0  _printf_lli.o(.ARM.Collect$$_printf_percent$$0000000D)
    _printf_lld                              0x000001e9   Thumb Code     0  _printf_lld.o(.ARM.Collect$$_printf_percent$$0000000E)
    _printf_llu                              0x000001f3   Thumb Code     0  _printf_llu.o(.ARM.Collect$$_printf_percent$$0000000F)
    _printf_llo                              0x000001fd   Thumb Code     0  _printf_llo.o(.ARM.Collect$$_printf_percent$$00000010)
    _printf_llx                              0x00000207   Thumb Code     0  _printf_llx.o(.ARM.Collect$$_printf_percent$$00000011)
    _printf_l                                0x00000211   Thumb Code     0  _printf_l.o(.ARM.Collect$$_printf_percent$$00000012)
    _printf_c                                0x0000021b   Thumb Code     0  _printf_c.o(.ARM.Collect$$_printf_percent$$00000013)
    _printf_s                                0x00000225   Thumb Code     0  _printf_s.o(.ARM.Collect$$_printf_percent$$00000014)
    _printf_lc                               0x0000022f   Thumb Code     0  _printf_lc.o(.ARM.Collect$$_printf_percent$$00000015)
    _printf_ls                               0x00000239   Thumb Code     0  _printf_ls.o(.ARM.Collect$$_printf_percent$$00000016)
    _printf_percent_end                      0x00000243   Thumb Code     0  _printf_percent_end.o(.ARM.Collect$$_printf_percent$$00000017)
    __rt_lib_init                            0x00000247   Thumb Code     0  libinit.o(.ARM.Collect$$libinit$$00000000)
    __rt_lib_init_fp_1                       0x00000249   Thumb Code     0  libinit2.o(.ARM.Collect$$libinit$$00000002)
    __rt_lib_init_heap_1                     0x00000249   Thumb Code     0  libinit2.o(.ARM.Collect$$libinit$$0000000C)
    __rt_lib_init_lc_common                  0x00000249   Thumb Code     0  libinit2.o(.ARM.Collect$$libinit$$00000011)
    __rt_lib_init_preinit_1                  0x00000249   Thumb Code     0  libinit2.o(.ARM.Collect$$libinit$$00000006)
    __rt_lib_init_rand_1                     0x00000249   Thumb Code     0  libinit2.o(.ARM.Collect$$libinit$$00000010)
    __rt_lib_init_relocate_pie_1             0x00000249   Thumb Code     0  libinit2.o(.ARM.Collect$$libinit$$00000004)
    __rt_lib_init_user_alloc_1               0x00000249   Thumb Code     0  libinit2.o(.ARM.Collect$$libinit$$0000000E)
    __rt_lib_init_lc_collate_1               0x0000024f   Thumb Code     0  libinit2.o(.ARM.Collect$$libinit$$00000013)
    __rt_lib_init_lc_ctype_2                 0x0000024f   Thumb Code     0  libinit2.o(.ARM.Collect$$libinit$$00000014)
    __rt_lib_init_lc_ctype_1                 0x0000025b   Thumb Code     0  libinit2.o(.ARM.Collect$$libinit$$00000015)
    __rt_lib_init_lc_monetary_1              0x0000025b   Thumb Code     0  libinit2.o(.ARM.Collect$$libinit$$00000017)
    __rt_lib_init_lc_numeric_2               0x0000025b   Thumb Code     0  libinit2.o(.ARM.Collect$$libinit$$00000018)
    __rt_lib_init_alloca_1                   0x00000265   Thumb Code     0  libinit2.o(.ARM.Collect$$libinit$$00000030)
    __rt_lib_init_argv_1                     0x00000265   Thumb Code     0  libinit2.o(.ARM.Collect$$libinit$$0000002E)
    __rt_lib_init_atexit_1                   0x00000265   Thumb Code     0  libinit2.o(.ARM.Collect$$libinit$$0000001D)
    __rt_lib_init_clock_1                    0x00000265   Thumb Code     0  libinit2.o(.ARM.Collect$$libinit$$00000023)
    __rt_lib_init_cpp_1                      0x00000265   Thumb Code     0  libinit2.o(.ARM.Collect$$libinit$$00000034)
    __rt_lib_init_exceptions_1               0x00000265   Thumb Code     0  libinit2.o(.ARM.Collect$$libinit$$00000032)
    __rt_lib_init_fp_trap_1                  0x00000265   Thumb Code     0  libinit2.o(.ARM.Collect$$libinit$$00000021)
    __rt_lib_init_getenv_1                   0x00000265   Thumb Code     0  libinit2.o(.ARM.Collect$$libinit$$00000025)
    __rt_lib_init_lc_numeric_1               0x00000265   Thumb Code     0  libinit2.o(.ARM.Collect$$libinit$$00000019)
    __rt_lib_init_lc_time_1                  0x00000265   Thumb Code     0  libinit2.o(.ARM.Collect$$libinit$$0000001B)
    __rt_lib_init_return                     0x00000265   Thumb Code     0  libinit2.o(.ARM.Collect$$libinit$$00000035)
    __rt_lib_init_signal_1                   0x00000265   Thumb Code     0  libinit2.o(.ARM.Collect$$libinit$$0000001F)
    __rt_lib_init_stdio_1                    0x00000265   Thumb Code     0  libinit2.o(.ARM.Collect$$libinit$$00000027)
    __rt_lib_shutdown                        0x00000267   Thumb Code     0  libshutdown.o(.ARM.Collect$$libshutdown$$00000000)
    __rt_lib_shutdown_cpp_1                  0x00000269   Thumb Code     0  libshutdown2.o(.ARM.Collect$$libshutdown$$00000002)
    __rt_lib_shutdown_fp_trap_1              0x00000269   Thumb Code     0  libshutdown2.o(.ARM.Collect$$libshutdown$$00000007)
    __rt_lib_shutdown_heap_1                 0x00000269   Thumb Code     0  libshutdown2.o(.ARM.Collect$$libshutdown$$0000000F)
    __rt_lib_shutdown_return                 0x00000269   Thumb Code     0  libshutdown2.o(.ARM.Collect$$libshutdown$$00000010)
    __rt_lib_shutdown_signal_1               0x00000269   Thumb Code     0  libshutdown2.o(.ARM.Collect$$libshutdown$$0000000A)
    __rt_lib_shutdown_stdio_1                0x00000269   Thumb Code     0  libshutdown2.o(.ARM.Collect$$libshutdown$$00000004)
    __rt_lib_shutdown_user_alloc_1           0x00000269   Thumb Code     0  libshutdown2.o(.ARM.Collect$$libshutdown$$0000000C)
    __rt_entry                               0x0000026b   Thumb Code     0  __rtentry.o(.ARM.Collect$$rtentry$$00000000)
    __rt_entry_presh_1                       0x0000026b   Thumb Code     0  __rtentry2.o(.ARM.Collect$$rtentry$$00000002)
    __rt_entry_sh                            0x0000026b   Thumb Code     0  __rtentry4.o(.ARM.Collect$$rtentry$$00000004)
    __rt_entry_li                            0x00000271   Thumb Code     0  __rtentry2.o(.ARM.Collect$$rtentry$$0000000A)
    __rt_entry_postsh_1                      0x00000271   Thumb Code     0  __rtentry2.o(.ARM.Collect$$rtentry$$00000009)
    __rt_entry_main                          0x00000275   Thumb Code     0  __rtentry2.o(.ARM.Collect$$rtentry$$0000000D)
    __rt_entry_postli_1                      0x00000275   Thumb Code     0  __rtentry2.o(.ARM.Collect$$rtentry$$0000000C)
    __rt_exit                                0x0000027d   Thumb Code     0  rtexit.o(.ARM.Collect$$rtexit$$00000000)
    __rt_exit_ls                             0x0000027f   Thumb Code     0  rtexit2.o(.ARM.Collect$$rtexit$$00000003)
    __rt_exit_prels_1                        0x0000027f   Thumb Code     0  rtexit2.o(.ARM.Collect$$rtexit$$00000002)
    __rt_exit_exit                           0x00000283   Thumb Code     0  rtexit2.o(.ARM.Collect$$rtexit$$00000004)
    Reset_Handler                            0x00000289   Thumb Code     4  startup_mspm0g351x_uvision.o(.text)
    NMI_Handler                              0x0000028d   Thumb Code     2  startup_mspm0g351x_uvision.o(.text)
    SVC_Handler                              0x00000291   Thumb Code     2  startup_mspm0g351x_uvision.o(.text)
    PendSV_Handler                           0x00000293   Thumb Code     2  startup_mspm0g351x_uvision.o(.text)
    SysTick_Handler                          0x00000295   Thumb Code     2  startup_mspm0g351x_uvision.o(.text)
    ADC0_IRQHandler                          0x00000297   Thumb Code     0  startup_mspm0g351x_uvision.o(.text)
    ADC1_IRQHandler                          0x00000297   Thumb Code     0  startup_mspm0g351x_uvision.o(.text)
    AESADV_IRQHandler                        0x00000297   Thumb Code     0  startup_mspm0g351x_uvision.o(.text)
    CANFD0_IRQHandler                        0x00000297   Thumb Code     0  startup_mspm0g351x_uvision.o(.text)
    CANFD1_IRQHandler                        0x00000297   Thumb Code     0  startup_mspm0g351x_uvision.o(.text)
    DAC0_IRQHandler                          0x00000297   Thumb Code     0  startup_mspm0g351x_uvision.o(.text)
    DMA_IRQHandler                           0x00000297   Thumb Code     0  startup_mspm0g351x_uvision.o(.text)
    Default_Handler                          0x00000297   Thumb Code     2  startup_mspm0g351x_uvision.o(.text)
    GROUP0_IRQHandler                        0x00000297   Thumb Code     0  startup_mspm0g351x_uvision.o(.text)
    GROUP1_IRQHandler                        0x00000297   Thumb Code     0  startup_mspm0g351x_uvision.o(.text)
    I2C0_IRQHandler                          0x00000297   Thumb Code     0  startup_mspm0g351x_uvision.o(.text)
    I2C1_IRQHandler                          0x00000297   Thumb Code     0  startup_mspm0g351x_uvision.o(.text)
    I2C2_IRQHandler                          0x00000297   Thumb Code     0  startup_mspm0g351x_uvision.o(.text)
    LFSS_IRQHandler                          0x00000297   Thumb Code     0  startup_mspm0g351x_uvision.o(.text)
    SPI0_IRQHandler                          0x00000297   Thumb Code     0  startup_mspm0g351x_uvision.o(.text)
    SPI1_IRQHandler                          0x00000297   Thumb Code     0  startup_mspm0g351x_uvision.o(.text)
    SPI2_IRQHandler                          0x00000297   Thumb Code     0  startup_mspm0g351x_uvision.o(.text)
    TIMA0_IRQHandler                         0x00000297   Thumb Code     0  startup_mspm0g351x_uvision.o(.text)
    TIMA1_IRQHandler                         0x00000297   Thumb Code     0  startup_mspm0g351x_uvision.o(.text)
    TIMG0_IRQHandler                         0x00000297   Thumb Code     0  startup_mspm0g351x_uvision.o(.text)
    TIMG12_IRQHandler                        0x00000297   Thumb Code     0  startup_mspm0g351x_uvision.o(.text)
    TIMG14_IRQHandler                        0x00000297   Thumb Code     0  startup_mspm0g351x_uvision.o(.text)
    TIMG6_IRQHandler                         0x00000297   Thumb Code     0  startup_mspm0g351x_uvision.o(.text)
    TIMG7_IRQHandler                         0x00000297   Thumb Code     0  startup_mspm0g351x_uvision.o(.text)
    TIMG8_IRQHandler                         0x00000297   Thumb Code     0  startup_mspm0g351x_uvision.o(.text)
    TIMG9_IRQHandler                         0x00000297   Thumb Code     0  startup_mspm0g351x_uvision.o(.text)
    UART1_IRQHandler                         0x00000297   Thumb Code     0  startup_mspm0g351x_uvision.o(.text)
    UART3_IRQHandler                         0x00000297   Thumb Code     0  startup_mspm0g351x_uvision.o(.text)
    UART4_IRQHandler                         0x00000297   Thumb Code     0  startup_mspm0g351x_uvision.o(.text)
    UART5_IRQHandler                         0x00000297   Thumb Code     0  startup_mspm0g351x_uvision.o(.text)
    UART6_IRQHandler                         0x00000297   Thumb Code     0  startup_mspm0g351x_uvision.o(.text)
    UART7_IRQHandler                         0x00000297   Thumb Code     0  startup_mspm0g351x_uvision.o(.text)
    __user_initial_stackheap                 0x00000299   Thumb Code    10  startup_mspm0g351x_uvision.o(.text)
    snprintf                                 0x000002b5   Thumb Code    60  snprintf.o(.text)
    vsnprintf                                0x000002f5   Thumb Code    56  vsnprintf.o(.text)
    __aeabi_uidiv                            0x00000331   Thumb Code     0  aeabi_sdiv.o(.text)
    __aeabi_uidivmod                         0x00000331   Thumb Code    20  aeabi_sdiv.o(.text)
    __aeabi_idiv                             0x00000345   Thumb Code     0  aeabi_sdiv.o(.text)
    __aeabi_idivmod                          0x00000345   Thumb Code   338  aeabi_sdiv.o(.text)
    __use_two_region_memory                  0x0000049d   Thumb Code     2  heapauxi.o(.text)
    __rt_heap_escrow$2region                 0x0000049f   Thumb Code     2  heapauxi.o(.text)
    __rt_heap_expand$2region                 0x000004a1   Thumb Code     2  heapauxi.o(.text)
    __aeabi_f2d                              0x000004a5   Thumb Code     0  f2d.o(.text)
    __extendsfdf2                            0x000004a5   Thumb Code     0  f2d.o(.text)
    _f2d                                     0x000004a5   Thumb Code    80  f2d.o(.text)
    __aeabi_fdiv                             0x000004f9   Thumb Code     0  fdiv.o(.text)
    __divsf3                                 0x000004f9   Thumb Code     0  fdiv.o(.text)
    _fdiv                                    0x000004f9   Thumb Code   334  fdiv.o(.text)
    _frdiv                                   0x00000647   Thumb Code     8  fdiv.o(.text)
    __aeabi_i2f_normalise                    0x00000659   Thumb Code    72  fflti.o(.text)
    __aeabi_i2f                              0x000006a1   Thumb Code    16  fflti.o(.text)
    _fflt                                    0x000006a1   Thumb Code     0  fflti.o(.text)
    __aeabi_ui2f                             0x000006b1   Thumb Code     6  fflti.o(.text)
    _ffltu                                   0x000006b1   Thumb Code     0  fflti.o(.text)
    _printf_pre_padding                      0x000006b7   Thumb Code    44  _printf_pad.o(.text)
    _printf_post_padding                     0x000006e3   Thumb Code    34  _printf_pad.o(.text)
    _printf_truncate_signed                  0x00000705   Thumb Code    18  _printf_truncate.o(.text)
    _printf_truncate_unsigned                0x00000717   Thumb Code    18  _printf_truncate.o(.text)
    _printf_str                              0x00000729   Thumb Code    82  _printf_str.o(.text)
    _printf_int_dec                          0x0000077d   Thumb Code    90  _printf_dec.o(.text)
    _printf_charcount                        0x000007e9   Thumb Code    38  _printf_charcount.o(.text)
    _printf_char_common                      0x0000081b   Thumb Code    32  _printf_char_common.o(.text)
    _snputc                                  0x00000841   Thumb Code    16  _snputc.o(.text)
    _printf_wctomb                           0x00000851   Thumb Code   182  _printf_wctomb.o(.text)
    _printf_longlong_dec                     0x0000090d   Thumb Code    94  _printf_longlong_dec.o(.text)
    _printf_longlong_oct                     0x0000097d   Thumb Code    68  _printf_oct_int_ll.o(.text)
    _printf_int_oct                          0x000009c1   Thumb Code    24  _printf_oct_int_ll.o(.text)
    _printf_ll_oct                           0x000009d9   Thumb Code    10  _printf_oct_int_ll.o(.text)
    _printf_longlong_hex                     0x000009ed   Thumb Code    88  _printf_hex_int_ll_ptr.o(.text)
    _printf_int_hex                          0x00000a45   Thumb Code    28  _printf_hex_int_ll_ptr.o(.text)
    _printf_ll_hex                           0x00000a61   Thumb Code    10  _printf_hex_int_ll_ptr.o(.text)
    _printf_hex_ptr                          0x00000a6b   Thumb Code    22  _printf_hex_int_ll_ptr.o(.text)
    __printf                                 0x00000a85   Thumb Code   386  __printf_flags_ss_wp.o(.text)
    _ll_udiv10                               0x00000c0d   Thumb Code   122  lludiv10.o(.text)
    _printf_int_common                       0x00000c87   Thumb Code   176  _printf_intcommon.o(.text)
    _printf_fp_dec_real                      0x00000ed5   Thumb Code   620  _printf_fp_dec.o(.text)
    _printf_fp_hex_real                      0x0000114d   Thumb Code   718  _printf_fp_hex.o(.text)
    _printf_cs_common                        0x00001425   Thumb Code    22  _printf_char.o(.text)
    _printf_char                             0x0000143b   Thumb Code    16  _printf_char.o(.text)
    _printf_string                           0x0000144b   Thumb Code     8  _printf_char.o(.text)
    _printf_lcs_common                       0x00001453   Thumb Code    22  _printf_wchar.o(.text)
    _printf_wchar                            0x00001469   Thumb Code    16  _printf_wchar.o(.text)
    _printf_wstring                          0x00001479   Thumb Code     8  _printf_wchar.o(.text)
    _c16rtomb                                0x00001481   Thumb Code    66  _c16rtomb.o(.text)
    _wcrtomb                                 0x00001481   Thumb Code     0  _c16rtomb.o(.text)
    __rt_udiv10                              0x000014c3   Thumb Code    40  rtudiv10.o(.text)
    __user_libspace                          0x000014ed   Thumb Code     8  libspace.o(.text)
    __user_perproc_libspace                  0x000014ed   Thumb Code     0  libspace.o(.text)
    __user_perthread_libspace                0x000014ed   Thumb Code     0  libspace.o(.text)
    __user_setup_stackheap                   0x000014f5   Thumb Code    62  sys_stackheap_outer.o(.text)
    __rt_ctype_table                         0x00001535   Thumb Code    16  rt_ctype_table.o(.text)
    __rt_locale                              0x00001545   Thumb Code     8  rt_locale_intlibspace.o(.text)
    _printf_fp_infnan                        0x0000154d   Thumb Code   120  _printf_fp_infnan.o(.text)
    _btod_etento                             0x000015d5   Thumb Code   210  bigflt0.o(.text)
    _btod_d2e                                0x000016ad   Thumb Code    64  btod.o(.text)
    _btod_emul                               0x00001ae1   Thumb Code    28  btod.o(.text)
    _btod_emuld                              0x00001afd   Thumb Code   144  btod.o(.text)
    _btod_ediv                               0x00001b8d   Thumb Code    26  btod.o(.text)
    _btod_edivd                              0x00001ba7   Thumb Code   124  btod.o(.text)
    exit                                     0x00001c2d   Thumb Code    16  exit.o(.text)
    strcmp                                   0x00001c3d   Thumb Code   132  strcmp.o(.text)
    _sys_exit                                0x00001cc5   Thumb Code     8  sys_exit.o(.text)
    __I$use$semihosting                      0x00001cd1   Thumb Code     0  use_no_semi.o(.text)
    __use_no_semihosting_swi                 0x00001cd1   Thumb Code     2  use_no_semi.o(.text)
    __semihosting_library_function           0x00001cd3   Thumb Code     0  indicate_semi.o(.text)
    ADC_init                                 0x00001d35   Thumb Code    16  adc.o(.text.ADC_init)
    DAC_init                                 0x00001d49   Thumb Code     2  dac.o(.text.DAC_init)
    DL_ADC12_setClockConfig                  0x00001f2d   Thumb Code    64  dl_adc12.o(.text.DL_ADC12_setClockConfig)
    DL_Common_delayCycles                    0x00002071   Thumb Code    20  dl_common.o(.text.DL_Common_delayCycles)
    DL_DAC12_init                            0x0000224d   Thumb Code   100  dl_dac12.o(.text.DL_DAC12_init)
    DL_DMA_initChannel                       0x00002391   Thumb Code    70  dl_dma.o(.text.DL_DMA_initChannel)
    DL_FactoryRegion_initTrimTable           0x00002451   Thumb Code   104  dl_factoryregion.o(.text.DL_FactoryRegion_initTrimTable)
    DL_SPI_init                              0x000026ed   Thumb Code    64  dl_spi.o(.text.DL_SPI_init)
    DL_SPI_setClockConfig                    0x00002771   Thumb Code    32  dl_spi.o(.text.DL_SPI_setClockConfig)
    DL_SYSCTL_configSYSPLL                   0x000027c5   Thumb Code   224  dl_sysctl_mspm0gx51x.o(.text.DL_SYSCTL_configSYSPLL)
    DL_SYSCTL_setHFCLKSourceHFXTParams       0x00002991   Thumb Code   108  dl_sysctl_mspm0gx51x.o(.text.DL_SYSCTL_setHFCLKSourceHFXTParams)
    DL_SYSCTL_switchMCLKfromSYSOSCtoHSCLK    0x00002aa1   Thumb Code    72  dl_sysctl_mspm0gx51x.o(.text.DL_SYSCTL_switchMCLKfromSYSOSCtoHSCLK)
    DL_Timer_initFourCCPWMMode               0x00002bd5   Thumb Code   232  dl_timer.o(.text.DL_Timer_initFourCCPWMMode)
    DL_Timer_initTimerMode                   0x00002cbd   Thumb Code   268  dl_timer.o(.text.DL_Timer_initTimerMode)
    DL_Timer_setCaptCompUpdateMethod         0x00002efd   Thumb Code    48  dl_timer.o(.text.DL_Timer_setCaptCompUpdateMethod)
    DL_Timer_setCaptureCompareAction         0x00002f2d   Thumb Code    44  dl_timer.o(.text.DL_Timer_setCaptureCompareAction)
    DL_Timer_setCaptureCompareCtl            0x00002f61   Thumb Code    52  dl_timer.o(.text.DL_Timer_setCaptureCompareCtl)
    DL_Timer_setCaptureCompareInput          0x00002f9d   Thumb Code    52  dl_timer.o(.text.DL_Timer_setCaptureCompareInput)
    DL_Timer_setCaptureCompareOutCtl         0x00002fd1   Thumb Code    60  dl_timer.o(.text.DL_Timer_setCaptureCompareOutCtl)
    DL_Timer_setCaptureCompareValue          0x00003011   Thumb Code    40  dl_timer.o(.text.DL_Timer_setCaptureCompareValue)
    DL_Timer_setClockConfig                  0x0000303d   Thumb Code    44  dl_timer.o(.text.DL_Timer_setClockConfig)
    DL_UART_init                             0x000031b5   Thumb Code    68  dl_uart.o(.text.DL_UART_init)
    DL_UART_setClockConfig                   0x00003289   Thumb Code    32  dl_uart.o(.text.DL_UART_setClockConfig)
    DL_VREF_configReference                  0x000032dd   Thumb Code    48  dl_vref.o(.text.DL_VREF_configReference)
    DL_VREF_setClockConfig                   0x00003359   Thumb Code    32  dl_vref.o(.text.DL_VREF_setClockConfig)
    HardFault_Handler                        0x0000337d   Thumb Code     4  main.o(.text.HardFault_Handler)
    SYSCFG_DL_ADC12_0_init                   0x00003381   Thumb Code   108  ti_msp_dl_config.o(.text.SYSCFG_DL_ADC12_0_init)
    SYSCFG_DL_ADC_DMA_init                   0x000033f1   Thumb Code    40  ti_msp_dl_config.o(.text.SYSCFG_DL_ADC_DMA_init)
    SYSCFG_DL_DAC12_init                     0x0000341d   Thumb Code    36  ti_msp_dl_config.o(.text.SYSCFG_DL_DAC12_init)
    SYSCFG_DL_DMA_DAC_init                   0x00003449   Thumb Code    40  ti_msp_dl_config.o(.text.SYSCFG_DL_DMA_DAC_init)
    SYSCFG_DL_DMA_UART_RX_init               0x00003475   Thumb Code    40  ti_msp_dl_config.o(.text.SYSCFG_DL_DMA_UART_RX_init)
    SYSCFG_DL_DMA_UART_TX_init               0x000034a1   Thumb Code    40  ti_msp_dl_config.o(.text.SYSCFG_DL_DMA_UART_TX_init)
    SYSCFG_DL_DMA_W25Q64_RX_init             0x000034cd   Thumb Code    40  ti_msp_dl_config.o(.text.SYSCFG_DL_DMA_W25Q64_RX_init)
    SYSCFG_DL_DMA_W25Q64_TX_init             0x000034f9   Thumb Code    40  ti_msp_dl_config.o(.text.SYSCFG_DL_DMA_W25Q64_TX_init)
    SYSCFG_DL_DMA_init                       0x00003529   Thumb Code    28  ti_msp_dl_config.o(.text.SYSCFG_DL_DMA_init)
    SYSCFG_DL_GPIO_init                      0x00003545   Thumb Code   512  ti_msp_dl_config.o(.text.SYSCFG_DL_GPIO_init)
    SYSCFG_DL_PWM_0_init                     0x00003751   Thumb Code   132  ti_msp_dl_config.o(.text.SYSCFG_DL_PWM_0_init)
    SYSCFG_DL_SPI_W25Q64_init                0x000037dd   Thumb Code    64  ti_msp_dl_config.o(.text.SYSCFG_DL_SPI_W25Q64_init)
    SYSCFG_DL_SPI_init                       0x00003825   Thumb Code    52  ti_msp_dl_config.o(.text.SYSCFG_DL_SPI_init)
    SYSCFG_DL_SYSCTL_init                    0x00003861   Thumb Code    92  ti_msp_dl_config.o(.text.SYSCFG_DL_SYSCTL_init)
    SYSCFG_DL_TIMER_0_init                   0x000038c1   Thumb Code    32  ti_msp_dl_config.o(.text.SYSCFG_DL_TIMER_0_init)
    SYSCFG_DL_TRNG_init                      0x000038e9   Thumb Code    60  ti_msp_dl_config.o(.text.SYSCFG_DL_TRNG_init)
    SYSCFG_DL_UART_0_init                    0x00003925   Thumb Code    68  ti_msp_dl_config.o(.text.SYSCFG_DL_UART_0_init)
    SYSCFG_DL_VREF_init                      0x00003971   Thumb Code    36  ti_msp_dl_config.o(.text.SYSCFG_DL_VREF_init)
    SYSCFG_DL_init                           0x0000399d   Thumb Code    84  ti_msp_dl_config.o(.text.SYSCFG_DL_init)
    SYSCFG_DL_initPower                      0x00003a05   Thumb Code   184  ti_msp_dl_config.o(.text.SYSCFG_DL_initPower)
    TEMP_TEST_runAll                         0x00003ae9   Thumb Code   428  temperature_test.o(.text.TEMP_TEST_runAll)
    TEMP_getCalCode                          0x00003ce9   Thumb Code    56  temperature.o(.text.TEMP_getCalCode)
    TEMP_getCalibration_x10                  0x00003d25   Thumb Code     6  temperature.o(.text.TEMP_getCalibration_x10)
    TEMP_init                                0x00003d2d   Thumb Code    84  temperature.o(.text.TEMP_init)
    TEMP_read                                0x00003d89   Thumb Code    20  temperature.o(.text.TEMP_read)
    TEMP_readRaw                             0x00003da1   Thumb Code    56  temperature.o(.text.TEMP_readRaw)
    TEMP_read_x10                            0x00003ddd   Thumb Code   156  temperature.o(.text.TEMP_read_x10)
    TEMP_setDebugPrint                       0x00003e85   Thumb Code    16  temperature.o(.text.TEMP_setDebugPrint)
    TEST_temperature                         0x00003e99   Thumb Code    16  test.o(.text.TEST_temperature)
    UART0_IRQHandler                         0x00003ea9   Thumb Code    12  uart.o(.text.UART0_IRQHandler)
    UART_init                                0x00003fa9   Thumb Code    88  uart.o(.text.UART_init)
    UART_printf                              0x00004005   Thumb Code   146  uart.o(.text.UART_printf)
    UART_sendBuffer                          0x00004097   Thumb Code   122  uart.o(.text.UART_sendBuffer)
    UART_sendByte                            0x00004111   Thumb Code    76  uart.o(.text.UART_sendByte)
    delay_ms                                 0x000042a9   Thumb Code    72  delay.o(.text.delay_ms)
    delay_us                                 0x00004311   Thumb Code    72  delay.o(.text.delay_us)
    main                                     0x0000435d   Thumb Code    40  main.o(.text.main)
    __ARM_common_ll_muluu                    0x000044e1   Thumb Code    48  btod.o(i.__ARM_common_ll_muluu)
    __ARM_fpclassify                         0x00004511   Thumb Code    40  fpclassify.o(i.__ARM_fpclassify)
    _is_digit                                0x0000453d   Thumb Code    14  __printf_wp.o(i._is_digit)
    _get_lc_numeric                          0x0000454d   Thumb Code    44  lc_numeric_c.o(locale$$code)
    _get_lc_ctype                            0x00004579   Thumb Code    44  lc_ctype_c.o(locale$$code)
    _printf_fp_dec                           0x000045a5   Thumb Code    16  printf1.o(x$fpl$printf1)
    _printf_fp_hex                           0x000045b5   Thumb Code    16  printf2.o(x$fpl$printf2)
    __I$use$fp                               0x000045c4   Number         0  usenofp.o(x$fpl$usenofp)
    Region$$Table$$Base                      0x00004a50   Number         0  anon$$obj.o(Region$$Table)
    Region$$Table$$Limit                     0x00004a70   Number         0  anon$$obj.o(Region$$Table)
    __ctype                                  0x00004a99   Data           0  lc_ctype_c.o(locale$$data)
    DL_FACTORYREGION_TrimTable               0x20200000   Data          68  dl_factoryregion.o(.TrimTable)
    FACTORYVALUE                             0x20200044   Data           4  dl_factoryregion.o(.data.FACTORYVALUE)
    __libspace_start                         0x20200060   Data          96  libspace.o(.bss)
    __temporary_stack_top$libspace           0x202000c0   Data           0  libspace.o(.bss)
    gPWM_0Backup                             0x202000c0   Data         188  ti_msp_dl_config.o(.bss.gPWM_0Backup)
    gSPIBackup                               0x2020017c   Data          40  ti_msp_dl_config.o(.bss.gSPIBackup)
    gSPI_W25Q64Backup                        0x202001a4   Data          40  ti_msp_dl_config.o(.bss.gSPI_W25Q64Backup)
    gTIMER_0Backup                           0x202001cc   Data         188  ti_msp_dl_config.o(.bss.gTIMER_0Backup)
    gTRNGBackup                              0x20200288   Data          16  ti_msp_dl_config.o(.bss.gTRNGBackup)



==============================================================================

Memory Map of the image

  Image Entry point : 0x000000c1

  Load Region LR_IROM1 (Base: 0x00000000, Size: 0x00004c00, Max: 0x00080000, ABSOLUTE)

    Execution Region ER_IROM1 (Exec base: 0x00000000, Load base: 0x00000000, Size: 0x00004b9c, Max: 0x00080000, ABSOLUTE)

    Exec Addr    Load Addr    Size         Type   Attr      Idx    E Section Name        Object

    0x00000000   0x00000000   0x000000c0   Data   RO         2566    RESET               startup_mspm0g351x_uvision.o
    0x000000c0   0x000000c0   0x00000008   Code   RO         2599  * !!!main             c_p.l(__main.o)
    0x000000c8   0x000000c8   0x00000054   Code   RO         3029    !!!scatter          c_p.l(__scatter.o)
    0x0000011c   0x0000011c   0x00000004   PAD
    0x00000120   0x00000120   0x0000001a   Code   RO         3033    !!handler_copy      c_p.l(__scatter_copy.o)
    0x0000013a   0x0000013a   0x00000006   PAD
    0x00000140   0x00000140   0x00000002   Code   RO         3030    !!handler_null      c_p.l(__scatter.o)
    0x00000142   0x00000142   0x00000006   PAD
    0x00000148   0x00000148   0x0000001c   Code   RO         3035    !!handler_zi        c_p.l(__scatter_zi.o)
    0x00000164   0x00000164   0x00000002   Code   RO         2740    .ARM.Collect$$_printf_percent$$00000000  c_p.l(_printf_percent.o)
    0x00000166   0x00000166   0x0000000a   Code   RO         2729    .ARM.Collect$$_printf_percent$$00000001  c_p.l(_printf_n.o)
    0x00000170   0x00000170   0x0000000a   Code   RO         2731    .ARM.Collect$$_printf_percent$$00000002  c_p.l(_printf_p.o)
    0x0000017a   0x0000017a   0x0000000a   Code   RO         2736    .ARM.Collect$$_printf_percent$$00000003  c_p.l(_printf_f.o)
    0x00000184   0x00000184   0x0000000a   Code   RO         2737    .ARM.Collect$$_printf_percent$$00000004  c_p.l(_printf_e.o)
    0x0000018e   0x0000018e   0x0000000a   Code   RO         2738    .ARM.Collect$$_printf_percent$$00000005  c_p.l(_printf_g.o)
    0x00000198   0x00000198   0x0000000a   Code   RO         2739    .ARM.Collect$$_printf_percent$$00000006  c_p.l(_printf_a.o)
    0x000001a2   0x000001a2   0x0000000a   Code   RO         2744    .ARM.Collect$$_printf_percent$$00000007  c_p.l(_printf_ll.o)
    0x000001ac   0x000001ac   0x0000000a   Code   RO         2733    .ARM.Collect$$_printf_percent$$00000008  c_p.l(_printf_i.o)
    0x000001b6   0x000001b6   0x0000000a   Code   RO         2734    .ARM.Collect$$_printf_percent$$00000009  c_p.l(_printf_d.o)
    0x000001c0   0x000001c0   0x0000000a   Code   RO         2735    .ARM.Collect$$_printf_percent$$0000000A  c_p.l(_printf_u.o)
    0x000001ca   0x000001ca   0x0000000a   Code   RO         2732    .ARM.Collect$$_printf_percent$$0000000B  c_p.l(_printf_o.o)
    0x000001d4   0x000001d4   0x0000000a   Code   RO         2730    .ARM.Collect$$_printf_percent$$0000000C  c_p.l(_printf_x.o)
    0x000001de   0x000001de   0x0000000a   Code   RO         2741    .ARM.Collect$$_printf_percent$$0000000D  c_p.l(_printf_lli.o)
    0x000001e8   0x000001e8   0x0000000a   Code   RO         2742    .ARM.Collect$$_printf_percent$$0000000E  c_p.l(_printf_lld.o)
    0x000001f2   0x000001f2   0x0000000a   Code   RO         2743    .ARM.Collect$$_printf_percent$$0000000F  c_p.l(_printf_llu.o)
    0x000001fc   0x000001fc   0x0000000a   Code   RO         2748    .ARM.Collect$$_printf_percent$$00000010  c_p.l(_printf_llo.o)
    0x00000206   0x00000206   0x0000000a   Code   RO         2749    .ARM.Collect$$_printf_percent$$00000011  c_p.l(_printf_llx.o)
    0x00000210   0x00000210   0x0000000a   Code   RO         2745    .ARM.Collect$$_printf_percent$$00000012  c_p.l(_printf_l.o)
    0x0000021a   0x0000021a   0x0000000a   Code   RO         2727    .ARM.Collect$$_printf_percent$$00000013  c_p.l(_printf_c.o)
    0x00000224   0x00000224   0x0000000a   Code   RO         2728    .ARM.Collect$$_printf_percent$$00000014  c_p.l(_printf_s.o)
    0x0000022e   0x0000022e   0x0000000a   Code   RO         2746    .ARM.Collect$$_printf_percent$$00000015  c_p.l(_printf_lc.o)
    0x00000238   0x00000238   0x0000000a   Code   RO         2747    .ARM.Collect$$_printf_percent$$00000016  c_p.l(_printf_ls.o)
    0x00000242   0x00000242   0x00000004   Code   RO         2827    .ARM.Collect$$_printf_percent$$00000017  c_p.l(_printf_percent_end.o)
    0x00000246   0x00000246   0x00000002   Code   RO         2875    .ARM.Collect$$libinit$$00000000  c_p.l(libinit.o)
    0x00000248   0x00000248   0x00000000   Code   RO         2901    .ARM.Collect$$libinit$$00000002  c_p.l(libinit2.o)
    0x00000248   0x00000248   0x00000000   Code   RO         2903    .ARM.Collect$$libinit$$00000004  c_p.l(libinit2.o)
    0x00000248   0x00000248   0x00000000   Code   RO         2905    .ARM.Collect$$libinit$$00000006  c_p.l(libinit2.o)
    0x00000248   0x00000248   0x00000000   Code   RO         2908    .ARM.Collect$$libinit$$0000000C  c_p.l(libinit2.o)
    0x00000248   0x00000248   0x00000000   Code   RO         2910    .ARM.Collect$$libinit$$0000000E  c_p.l(libinit2.o)
    0x00000248   0x00000248   0x00000000   Code   RO         2912    .ARM.Collect$$libinit$$00000010  c_p.l(libinit2.o)
    0x00000248   0x00000248   0x00000006   Code   RO         2913    .ARM.Collect$$libinit$$00000011  c_p.l(libinit2.o)
    0x0000024e   0x0000024e   0x00000000   Code   RO         2915    .ARM.Collect$$libinit$$00000013  c_p.l(libinit2.o)
    0x0000024e   0x0000024e   0x0000000c   Code   RO         2916    .ARM.Collect$$libinit$$00000014  c_p.l(libinit2.o)
    0x0000025a   0x0000025a   0x00000000   Code   RO         2917    .ARM.Collect$$libinit$$00000015  c_p.l(libinit2.o)
    0x0000025a   0x0000025a   0x00000000   Code   RO         2919    .ARM.Collect$$libinit$$00000017  c_p.l(libinit2.o)
    0x0000025a   0x0000025a   0x0000000a   Code   RO         2920    .ARM.Collect$$libinit$$00000018  c_p.l(libinit2.o)
    0x00000264   0x00000264   0x00000000   Code   RO         2921    .ARM.Collect$$libinit$$00000019  c_p.l(libinit2.o)
    0x00000264   0x00000264   0x00000000   Code   RO         2923    .ARM.Collect$$libinit$$0000001B  c_p.l(libinit2.o)
    0x00000264   0x00000264   0x00000000   Code   RO         2925    .ARM.Collect$$libinit$$0000001D  c_p.l(libinit2.o)
    0x00000264   0x00000264   0x00000000   Code   RO         2927    .ARM.Collect$$libinit$$0000001F  c_p.l(libinit2.o)
    0x00000264   0x00000264   0x00000000   Code   RO         2929    .ARM.Collect$$libinit$$00000021  c_p.l(libinit2.o)
    0x00000264   0x00000264   0x00000000   Code   RO         2931    .ARM.Collect$$libinit$$00000023  c_p.l(libinit2.o)
    0x00000264   0x00000264   0x00000000   Code   RO         2933    .ARM.Collect$$libinit$$00000025  c_p.l(libinit2.o)
    0x00000264   0x00000264   0x00000000   Code   RO         2935    .ARM.Collect$$libinit$$00000027  c_p.l(libinit2.o)
    0x00000264   0x00000264   0x00000000   Code   RO         2939    .ARM.Collect$$libinit$$0000002E  c_p.l(libinit2.o)
    0x00000264   0x00000264   0x00000000   Code   RO         2941    .ARM.Collect$$libinit$$00000030  c_p.l(libinit2.o)
    0x00000264   0x00000264   0x00000000   Code   RO         2943    .ARM.Collect$$libinit$$00000032  c_p.l(libinit2.o)
    0x00000264   0x00000264   0x00000000   Code   RO         2945    .ARM.Collect$$libinit$$00000034  c_p.l(libinit2.o)
    0x00000264   0x00000264   0x00000002   Code   RO         2946    .ARM.Collect$$libinit$$00000035  c_p.l(libinit2.o)
    0x00000266   0x00000266   0x00000002   Code   RO         2985    .ARM.Collect$$libshutdown$$00000000  c_p.l(libshutdown.o)
    0x00000268   0x00000268   0x00000000   Code   RO         3013    .ARM.Collect$$libshutdown$$00000002  c_p.l(libshutdown2.o)
    0x00000268   0x00000268   0x00000000   Code   RO         3015    .ARM.Collect$$libshutdown$$00000004  c_p.l(libshutdown2.o)
    0x00000268   0x00000268   0x00000000   Code   RO         3018    .ARM.Collect$$libshutdown$$00000007  c_p.l(libshutdown2.o)
    0x00000268   0x00000268   0x00000000   Code   RO         3021    .ARM.Collect$$libshutdown$$0000000A  c_p.l(libshutdown2.o)
    0x00000268   0x00000268   0x00000000   Code   RO         3023    .ARM.Collect$$libshutdown$$0000000C  c_p.l(libshutdown2.o)
    0x00000268   0x00000268   0x00000000   Code   RO         3026    .ARM.Collect$$libshutdown$$0000000F  c_p.l(libshutdown2.o)
    0x00000268   0x00000268   0x00000002   Code   RO         3027    .ARM.Collect$$libshutdown$$00000010  c_p.l(libshutdown2.o)
    0x0000026a   0x0000026a   0x00000000   Code   RO         2648    .ARM.Collect$$rtentry$$00000000  c_p.l(__rtentry.o)
    0x0000026a   0x0000026a   0x00000000   Code   RO         2789    .ARM.Collect$$rtentry$$00000002  c_p.l(__rtentry2.o)
    0x0000026a   0x0000026a   0x00000006   Code   RO         2801    .ARM.Collect$$rtentry$$00000004  c_p.l(__rtentry4.o)
    0x00000270   0x00000270   0x00000000   Code   RO         2791    .ARM.Collect$$rtentry$$00000009  c_p.l(__rtentry2.o)
    0x00000270   0x00000270   0x00000004   Code   RO         2792    .ARM.Collect$$rtentry$$0000000A  c_p.l(__rtentry2.o)
    0x00000274   0x00000274   0x00000000   Code   RO         2794    .ARM.Collect$$rtentry$$0000000C  c_p.l(__rtentry2.o)
    0x00000274   0x00000274   0x00000008   Code   RO         2795    .ARM.Collect$$rtentry$$0000000D  c_p.l(__rtentry2.o)
    0x0000027c   0x0000027c   0x00000002   Code   RO         2885    .ARM.Collect$$rtexit$$00000000  c_p.l(rtexit.o)
    0x0000027e   0x0000027e   0x00000000   Code   RO         2954    .ARM.Collect$$rtexit$$00000002  c_p.l(rtexit2.o)
    0x0000027e   0x0000027e   0x00000004   Code   RO         2955    .ARM.Collect$$rtexit$$00000003  c_p.l(rtexit2.o)
    0x00000282   0x00000282   0x00000006   Code   RO         2956    .ARM.Collect$$rtexit$$00000004  c_p.l(rtexit2.o)
    0x00000288   0x00000288   0x0000002c   Code   RO         2567    .text               startup_mspm0g351x_uvision.o
    0x000002b4   0x000002b4   0x00000040   Code   RO         2579    .text               c_p.l(snprintf.o)
    0x000002f4   0x000002f4   0x0000003c   Code   RO         2581    .text               c_p.l(vsnprintf.o)
    0x00000330   0x00000330   0x0000016c   Code   RO         2593    .text               c_p.l(aeabi_sdiv.o)
    0x0000049c   0x0000049c   0x00000006   Code   RO         2597    .text               c_p.l(heapauxi.o)
    0x000004a2   0x000004a2   0x00000002   PAD
    0x000004a4   0x000004a4   0x00000054   Code   RO         2601    .text               fz_ps.l(f2d.o)
    0x000004f8   0x000004f8   0x00000160   Code   RO         2633    .text               fz_ps.l(fdiv.o)
    0x00000658   0x00000658   0x0000005e   Code   RO         2640    .text               fz_ps.l(fflti.o)
    0x000006b6   0x000006b6   0x0000004e   Code   RO         2661    .text               c_p.l(_printf_pad.o)
    0x00000704   0x00000704   0x00000024   Code   RO         2663    .text               c_p.l(_printf_truncate.o)
    0x00000728   0x00000728   0x00000052   Code   RO         2665    .text               c_p.l(_printf_str.o)
    0x0000077a   0x0000077a   0x00000002   PAD
    0x0000077c   0x0000077c   0x0000006c   Code   RO         2667    .text               c_p.l(_printf_dec.o)
    0x000007e8   0x000007e8   0x00000026   Code   RO         2669    .text               c_p.l(_printf_charcount.o)
    0x0000080e   0x0000080e   0x00000002   PAD
    0x00000810   0x00000810   0x00000030   Code   RO         2671    .text               c_p.l(_printf_char_common.o)
    0x00000840   0x00000840   0x00000010   Code   RO         2673    .text               c_p.l(_snputc.o)
    0x00000850   0x00000850   0x000000bc   Code   RO         2675    .text               c_p.l(_printf_wctomb.o)
    0x0000090c   0x0000090c   0x00000070   Code   RO         2678    .text               c_p.l(_printf_longlong_dec.o)
    0x0000097c   0x0000097c   0x00000070   Code   RO         2684    .text               c_p.l(_printf_oct_int_ll.o)
    0x000009ec   0x000009ec   0x00000098   Code   RO         2704    .text               c_p.l(_printf_hex_int_ll_ptr.o)
    0x00000a84   0x00000a84   0x00000188   Code   RO         2724    .text               c_p.l(__printf_flags_ss_wp.o)
    0x00000c0c   0x00000c0c   0x0000007a   Code   RO         2810    .text               c_p.l(lludiv10.o)
    0x00000c86   0x00000c86   0x000000b0   Code   RO         2812    .text               c_p.l(_printf_intcommon.o)
    0x00000d36   0x00000d36   0x00000002   PAD
    0x00000d38   0x00000d38   0x00000414   Code   RO         2814    .text               c_p.l(_printf_fp_dec.o)
    0x0000114c   0x0000114c   0x000002d8   Code   RO         2818    .text               c_p.l(_printf_fp_hex.o)
    0x00001424   0x00001424   0x0000002e   Code   RO         2823    .text               c_p.l(_printf_char.o)
    0x00001452   0x00001452   0x0000002e   Code   RO         2825    .text               c_p.l(_printf_wchar.o)
    0x00001480   0x00001480   0x00000042   Code   RO         2828    .text               c_p.l(_c16rtomb.o)
    0x000014c2   0x000014c2   0x00000028   Code   RO         2830    .text               c_p.l(rtudiv10.o)
    0x000014ea   0x000014ea   0x00000002   PAD
    0x000014ec   0x000014ec   0x00000008   Code   RO         2836    .text               c_p.l(libspace.o)
    0x000014f4   0x000014f4   0x0000003e   Code   RO         2839    .text               c_p.l(sys_stackheap_outer.o)
    0x00001532   0x00001532   0x00000002   PAD
    0x00001534   0x00001534   0x00000010   Code   RO         2842    .text               c_p.l(rt_ctype_table.o)
    0x00001544   0x00001544   0x00000008   Code   RO         2847    .text               c_p.l(rt_locale_intlibspace.o)
    0x0000154c   0x0000154c   0x00000088   Code   RO         2849    .text               c_p.l(_printf_fp_infnan.o)
    0x000015d4   0x000015d4   0x000000d8   Code   RO         2851    .text               c_p.l(bigflt0.o)
    0x000016ac   0x000016ac   0x00000580   Code   RO         2854    .text               c_p.l(btod.o)
    0x00001c2c   0x00001c2c   0x00000010   Code   RO         2864    .text               c_p.l(exit.o)
    0x00001c3c   0x00001c3c   0x00000088   Code   RO         2898    .text               c_p.l(strcmp.o)
    0x00001cc4   0x00001cc4   0x0000000c   Code   RO         2949    .text               c_p.l(sys_exit.o)
    0x00001cd0   0x00001cd0   0x00000002   Code   RO         2974    .text               c_p.l(use_no_semi.o)
    0x00001cd2   0x00001cd2   0x00000000   Code   RO         2976    .text               c_p.l(indicate_semi.o)
    0x00001cd2   0x00001cd2   0x0000002e   Code   RO           68    .text.ADC_ChannelState_Init  adc.o
    0x00001d00   0x00001d00   0x00000034   Code   RO            4    .text.ADC_InitChannelStates  adc.o
    0x00001d34   0x00001d34   0x00000014   Code   RO            2    .text.ADC_init      adc.o
    0x00001d48   0x00001d48   0x00000002   Code   RO           95    .text.DAC_init      dac.o
    0x00001d4a   0x00001d4a   0x00000002   PAD
    0x00001d4c   0x00001d4c   0x0000001c   Code   RO          924    .text.DL_ADC12_clearInterruptStatus  temperature.o
    0x00001d68   0x00001d68   0x0000004a   Code   RO          922    .text.DL_ADC12_configConversionMem  temperature.o
    0x00001db2   0x00001db2   0x0000004a   Code   RO         1160    .text.DL_ADC12_configConversionMem  ti_msp_dl_config.o
    0x00001dfc   0x00001dfc   0x00000024   Code   RO          920    .text.DL_ADC12_configHwAverage  temperature.o
    0x00001e20   0x00001e20   0x00000016   Code   RO          914    .text.DL_ADC12_disableConversions  temperature.o
    0x00001e36   0x00001e36   0x00000016   Code   RO          918    .text.DL_ADC12_enableConversions  temperature.o
    0x00001e4c   0x00001e4c   0x00000016   Code   RO         1172    .text.DL_ADC12_enableConversions  ti_msp_dl_config.o
    0x00001e62   0x00001e62   0x00000002   PAD
    0x00001e64   0x00001e64   0x00000018   Code   RO         1166    .text.DL_ADC12_enableDMA  ti_msp_dl_config.o
    0x00001e7c   0x00001e7c   0x00000014   Code   RO         1084    .text.DL_ADC12_enablePower  ti_msp_dl_config.o
    0x00001e90   0x00001e90   0x00000030   Code   RO          930    .text.DL_ADC12_getMemResult  temperature.o
    0x00001ec0   0x00001ec0   0x00000018   Code   RO          928    .text.DL_ADC12_getRawInterruptStatus  temperature.o
    0x00001ed8   0x00001ed8   0x00000044   Code   RO         1158    .text.DL_ADC12_initSingleSample  ti_msp_dl_config.o
    0x00001f1c   0x00001f1c   0x00000010   Code   RO         1068    .text.DL_ADC12_reset  ti_msp_dl_config.o
    0x00001f2c   0x00001f2c   0x00000048   Code   RO         1239    .text.DL_ADC12_setClockConfig  dl_adc12.o
    0x00001f74   0x00001f74   0x0000002c   Code   RO         1168    .text.DL_ADC12_setDMASamplesCnt  ti_msp_dl_config.o
    0x00001fa0   0x00001fa0   0x00000018   Code   RO         1162    .text.DL_ADC12_setSampleTime0  ti_msp_dl_config.o
    0x00001fb8   0x00001fb8   0x00000014   Code   RO          898    .text.DL_ADC12_setSampleTime1  temperature.o
    0x00001fcc   0x00001fcc   0x00000018   Code   RO         1164    .text.DL_ADC12_setSampleTime1  ti_msp_dl_config.o
    0x00001fe4   0x00001fe4   0x0000001a   Code   RO         1170    .text.DL_ADC12_setSubscriberChanID  ti_msp_dl_config.o
    0x00001ffe   0x00001ffe   0x00000002   PAD
    0x00002000   0x00002000   0x0000001c   Code   RO          926    .text.DL_ADC12_startConversion  temperature.o
    0x0000201c   0x0000201c   0x0000001c   Code   RO          910    .text.DL_CORE_configInstruction  temperature.o
    0x00002038   0x00002038   0x0000001c   Code   RO         2502    .text.DL_CORE_configInstruction  dl_sysctl_mspm0gx51x.o
    0x00002054   0x00002054   0x0000000c   Code   RO          908    .text.DL_CORE_getInstructionConfig  temperature.o
    0x00002060   0x00002060   0x00000010   Code   RO         2500    .text.DL_CORE_getInstructionConfig  dl_sysctl_mspm0gx51x.o
    0x00002070   0x00002070   0x00000014   Code   RO         1338    .text.DL_Common_delayCycles  dl_common.o
    0x00002084   0x00002084   0x00000028   Code   RO          916    .text.DL_Common_updateReg  temperature.o
    0x000020ac   0x000020ac   0x00000028   Code   RO         1204    .text.DL_Common_updateReg  ti_msp_dl_config.o
    0x000020d4   0x000020d4   0x00000028   Code   RO         1241    .text.DL_Common_updateReg  dl_adc12.o
    0x000020fc   0x000020fc   0x00000028   Code   RO         1379    .text.DL_Common_updateReg  dl_dac12.o
    0x00002124   0x00002124   0x00000028   Code   RO         1416    .text.DL_Common_updateReg  dl_dma.o
    0x0000214c   0x0000214c   0x00000028   Code   RO         2183    .text.DL_Common_updateReg  dl_spi.o
    0x00002174   0x00002174   0x00000028   Code   RO         2273    .text.DL_Common_updateReg  dl_timer.o
    0x0000219c   0x0000219c   0x00000028   Code   RO         2394    .text.DL_Common_updateReg  dl_uart.o
    0x000021c4   0x000021c4   0x00000028   Code   RO         2498    .text.DL_Common_updateReg  dl_sysctl_mspm0gx51x.o
    0x000021ec   0x000021ec   0x00000030   Code   RO         1377    .text.DL_DAC12_configDataFormat  dl_dac12.o
    0x0000221c   0x0000221c   0x00000016   Code   RO         1202    .text.DL_DAC12_enable  ti_msp_dl_config.o
    0x00002232   0x00002232   0x00000002   PAD
    0x00002234   0x00002234   0x00000018   Code   RO         1090    .text.DL_DAC12_enablePower  ti_msp_dl_config.o
    0x0000224c   0x0000224c   0x00000078   Code   RO         1375    .text.DL_DAC12_init  dl_dac12.o
    0x000022c4   0x000022c4   0x00000018   Code   RO         1074    .text.DL_DAC12_reset  ti_msp_dl_config.o
    0x000022dc   0x000022dc   0x00000034   Code   RO         1200    .text.DL_DAC12_setSubscriberChanID  ti_msp_dl_config.o
    0x00002310   0x00002310   0x00000014   Code   RO         1176    .text.DL_DMA_clearInterruptStatus  ti_msp_dl_config.o
    0x00002324   0x00002324   0x00000054   Code   RO         1412    .text.DL_DMA_configTransfer  dl_dma.o
    0x00002378   0x00002378   0x00000018   Code   RO         1178    .text.DL_DMA_enableInterrupt  ti_msp_dl_config.o
    0x00002390   0x00002390   0x00000046   Code   RO         1410    .text.DL_DMA_initChannel  dl_dma.o
    0x000023d6   0x000023d6   0x00000002   PAD
    0x000023d8   0x000023d8   0x00000038   Code   RO         1414    .text.DL_DMA_setTrigger  dl_dma.o
    0x00002410   0x00002410   0x00000040   Code   RO          886    .text.DL_FactoryRegion_getTemperatureVoltage  temperature.o
    0x00002450   0x00002450   0x000000b0   Code   RO         2468    .text.DL_FactoryRegion_initTrimTable  dl_factoryregion.o
    0x00002500   0x00002500   0x00000010   Code   RO          912    .text.DL_FactoryRegion_isTrimTableInSram  temperature.o
    0x00002510   0x00002510   0x00000018   Code   RO         2494    .text.DL_FactoryRegion_isTrimTableInSram  dl_sysctl_mspm0gx51x.o
    0x00002528   0x00002528   0x0000001c   Code   RO         1108    .text.DL_GPIO_clearInterruptStatus  ti_msp_dl_config.o
    0x00002544   0x00002544   0x00000014   Code   RO         1104    .text.DL_GPIO_clearPins  ti_msp_dl_config.o
    0x00002558   0x00002558   0x0000001c   Code   RO         1110    .text.DL_GPIO_enableInterrupt  ti_msp_dl_config.o
    0x00002574   0x00002574   0x00000018   Code   RO         1096    .text.DL_GPIO_enableOutput  ti_msp_dl_config.o
    0x0000258c   0x0000258c   0x00000018   Code   RO         1076    .text.DL_GPIO_enablePower  ti_msp_dl_config.o
    0x000025a4   0x000025a4   0x00000048   Code   RO         1102    .text.DL_GPIO_initDigitalInputFeatures  ti_msp_dl_config.o
    0x000025ec   0x000025ec   0x0000002c   Code   RO         1100    .text.DL_GPIO_initDigitalOutputFeatures  ti_msp_dl_config.o
    0x00002618   0x00002618   0x00000014   Code   RO         1092    .text.DL_GPIO_initPeripheralAnalogFunction  ti_msp_dl_config.o
    0x0000262c   0x0000262c   0x0000001c   Code   RO         1098    .text.DL_GPIO_initPeripheralInputFunction  ti_msp_dl_config.o
    0x00002648   0x00002648   0x0000001c   Code   RO         1094    .text.DL_GPIO_initPeripheralOutputFunction  ti_msp_dl_config.o
    0x00002664   0x00002664   0x00000018   Code   RO         1060    .text.DL_GPIO_reset  ti_msp_dl_config.o
    0x0000267c   0x0000267c   0x00000018   Code   RO         1106    .text.DL_GPIO_setUpperPinsPolarity  ti_msp_dl_config.o
    0x00002694   0x00002694   0x00000014   Code   RO         1152    .text.DL_SPI_enable  ti_msp_dl_config.o
    0x000026a8   0x000026a8   0x00000018   Code   RO         1156    .text.DL_SPI_enableDMAReceiveEvent  ti_msp_dl_config.o
    0x000026c0   0x000026c0   0x00000014   Code   RO         1154    .text.DL_SPI_enableDMATransmitEvent  ti_msp_dl_config.o
    0x000026d4   0x000026d4   0x00000018   Code   RO         1082    .text.DL_SPI_enablePower  ti_msp_dl_config.o
    0x000026ec   0x000026ec   0x00000048   Code   RO         2181    .text.DL_SPI_init   dl_spi.o
    0x00002734   0x00002734   0x00000018   Code   RO         1066    .text.DL_SPI_reset  ti_msp_dl_config.o
    0x0000274c   0x0000274c   0x00000024   Code   RO         1148    .text.DL_SPI_setBitRateSerialClockDivider  ti_msp_dl_config.o
    0x00002770   0x00002770   0x00000024   Code   RO         2185    .text.DL_SPI_setClockConfig  dl_spi.o
    0x00002794   0x00002794   0x00000030   Code   RO         1150    .text.DL_SPI_setFIFOThreshold  ti_msp_dl_config.o
    0x000027c4   0x000027c4   0x000000f8   Code   RO         2490    .text.DL_SYSCTL_configSYSPLL  dl_sysctl_mspm0gx51x.o
    0x000028bc   0x000028bc   0x00000010   Code   RO         2530    .text.DL_SYSCTL_disableHFCLKStartupMonitor  dl_sysctl_mspm0gx51x.o
    0x000028cc   0x000028cc   0x0000000c   Code   RO         1118    .text.DL_SYSCTL_disableHFXT  ti_msp_dl_config.o
    0x000028d8   0x000028d8   0x0000000c   Code   RO         2520    .text.DL_SYSCTL_disableHFXT  dl_sysctl_mspm0gx51x.o
    0x000028e4   0x000028e4   0x00000010   Code   RO         1120    .text.DL_SYSCTL_disableSYSPLL  ti_msp_dl_config.o
    0x000028f4   0x000028f4   0x00000010   Code   RO         2492    .text.DL_SYSCTL_disableSYSPLL  dl_sysctl_mspm0gx51x.o
    0x00002904   0x00002904   0x00000010   Code   RO         2526    .text.DL_SYSCTL_enableHFCLKStartupMonitor  dl_sysctl_mspm0gx51x.o
    0x00002914   0x00002914   0x00000010   Code   RO         1126    .text.DL_SYSCTL_enableMFCLK  ti_msp_dl_config.o
    0x00002924   0x00002924   0x00000010   Code   RO         1128    .text.DL_SYSCTL_enableMFPCLK  ti_msp_dl_config.o
    0x00002934   0x00002934   0x0000000c   Code   RO         2496    .text.DL_SYSCTL_getClockStatus  dl_sysctl_mspm0gx51x.o
    0x00002940   0x00002940   0x00000018   Code   RO         1112    .text.DL_SYSCTL_setBORThreshold  ti_msp_dl_config.o
    0x00002958   0x00002958   0x0000001c   Code   RO         1114    .text.DL_SYSCTL_setFlashWaitState  ti_msp_dl_config.o
    0x00002974   0x00002974   0x0000001c   Code   RO         1124    .text.DL_SYSCTL_setHFCLKDividerForMFPCLK  ti_msp_dl_config.o
    0x00002990   0x00002990   0x00000070   Code   RO         2528    .text.DL_SYSCTL_setHFCLKSourceHFXTParams  dl_sysctl_mspm0gx51x.o
    0x00002a00   0x00002a00   0x0000001c   Code   RO         2522    .text.DL_SYSCTL_setHFXTFrequencyRange  dl_sysctl_mspm0gx51x.o
    0x00002a1c   0x00002a1c   0x00000018   Code   RO         2524    .text.DL_SYSCTL_setHFXTStartupTime  dl_sysctl_mspm0gx51x.o
    0x00002a34   0x00002a34   0x00000018   Code   RO         2514    .text.DL_SYSCTL_setHSCLKSource  dl_sysctl_mspm0gx51x.o
    0x00002a4c   0x00002a4c   0x00000020   Code   RO         1130    .text.DL_SYSCTL_setMFPCLKSource  ti_msp_dl_config.o
    0x00002a6c   0x00002a6c   0x0000001c   Code   RO         1116    .text.DL_SYSCTL_setSYSOSCFreq  ti_msp_dl_config.o
    0x00002a88   0x00002a88   0x00000018   Code   RO         1122    .text.DL_SYSCTL_setULPCLKDivider  ti_msp_dl_config.o
    0x00002aa0   0x00002aa0   0x0000004c   Code   RO         2512    .text.DL_SYSCTL_switchMCLKfromSYSOSCtoHSCLK  dl_sysctl_mspm0gx51x.o
    0x00002aec   0x00002aec   0x00000018   Code   RO         1196    .text.DL_TRNG_clearInterruptStatus  ti_msp_dl_config.o
    0x00002b04   0x00002b04   0x00000014   Code   RO         1088    .text.DL_TRNG_enablePower  ti_msp_dl_config.o
    0x00002b18   0x00002b18   0x00000018   Code   RO         1194    .text.DL_TRNG_isCommandDone  ti_msp_dl_config.o
    0x00002b30   0x00002b30   0x00000014   Code   RO         1072    .text.DL_TRNG_reset  ti_msp_dl_config.o
    0x00002b44   0x00002b44   0x00000024   Code   RO         1192    .text.DL_TRNG_sendCommand  ti_msp_dl_config.o
    0x00002b68   0x00002b68   0x00000018   Code   RO         1190    .text.DL_TRNG_setClockDivider  ti_msp_dl_config.o
    0x00002b80   0x00002b80   0x00000028   Code   RO         1198    .text.DL_TRNG_setDecimationRate  ti_msp_dl_config.o
    0x00002ba8   0x00002ba8   0x00000014   Code   RO         1134    .text.DL_Timer_enableClock  ti_msp_dl_config.o
    0x00002bbc   0x00002bbc   0x00000018   Code   RO         1078    .text.DL_Timer_enablePower  ti_msp_dl_config.o
    0x00002bd4   0x00002bd4   0x000000e8   Code   RO         2351    .text.DL_Timer_initFourCCPWMMode  dl_timer.o
    0x00002cbc   0x00002cbc   0x0000010c   Code   RO         2261    .text.DL_Timer_initTimerMode  dl_timer.o
    0x00002dc8   0x00002dc8   0x0000010c   Code   RO         2353    .text.DL_Timer_initTwoCCPWMMode  dl_timer.o
    0x00002ed4   0x00002ed4   0x00000014   Code   RO         1062    .text.DL_Timer_reset  ti_msp_dl_config.o
    0x00002ee8   0x00002ee8   0x00000014   Code   RO         1136    .text.DL_Timer_setCCPDirection  ti_msp_dl_config.o
    0x00002efc   0x00002efc   0x00000030   Code   RO         2317    .text.DL_Timer_setCaptCompUpdateMethod  dl_timer.o
    0x00002f2c   0x00002f2c   0x00000034   Code   RO         2329    .text.DL_Timer_setCaptureCompareAction  dl_timer.o
    0x00002f60   0x00002f60   0x0000003c   Code   RO         2269    .text.DL_Timer_setCaptureCompareCtl  dl_timer.o
    0x00002f9c   0x00002f9c   0x00000034   Code   RO         2279    .text.DL_Timer_setCaptureCompareInput  dl_timer.o
    0x00002fd0   0x00002fd0   0x00000040   Code   RO         2325    .text.DL_Timer_setCaptureCompareOutCtl  dl_timer.o
    0x00003010   0x00003010   0x0000002c   Code   RO         2267    .text.DL_Timer_setCaptureCompareValue  dl_timer.o
    0x0000303c   0x0000303c   0x00000030   Code   RO         2257    .text.DL_Timer_setClockConfig  dl_timer.o
    0x0000306c   0x0000306c   0x00000034   Code   RO         1132    .text.DL_Timer_setCounterControl  ti_msp_dl_config.o
    0x000030a0   0x000030a0   0x00000038   Code   RO         2271    .text.DL_Timer_setCounterControl  dl_timer.o
    0x000030d8   0x000030d8   0x00000020   Code   RO         2265    .text.DL_Timer_setCounterValueAfterEnable  dl_timer.o
    0x000030f8   0x000030f8   0x00000018   Code   RO         2263    .text.DL_Timer_setLoadValue  dl_timer.o
    0x00003110   0x00003110   0x00000016   Code   RO         2392    .text.DL_UART_disable  dl_uart.o
    0x00003126   0x00003126   0x00000002   PAD
    0x00003128   0x00003128   0x0000001c   Code   RO          375    .text.DL_UART_disableInterrupt  uart.o
    0x00003144   0x00003144   0x00000016   Code   RO         1146    .text.DL_UART_enable  ti_msp_dl_config.o
    0x0000315a   0x0000315a   0x00000002   PAD
    0x0000315c   0x0000315c   0x00000018   Code   RO         1142    .text.DL_UART_enableDMAReceiveEvent  ti_msp_dl_config.o
    0x00003174   0x00003174   0x00000018   Code   RO         1144    .text.DL_UART_enableDMATransmitEvent  ti_msp_dl_config.o
    0x0000318c   0x0000318c   0x00000014   Code   RO         1080    .text.DL_UART_enablePower  ti_msp_dl_config.o
    0x000031a0   0x000031a0   0x00000012   Code   RO          479    .text.DL_UART_getPendingInterrupt  uart.o
    0x000031b2   0x000031b2   0x00000002   PAD
    0x000031b4   0x000031b4   0x00000048   Code   RO         2390    .text.DL_UART_init  dl_uart.o
    0x000031fc   0x000031fc   0x00000014   Code   RO          477    .text.DL_UART_isTXFIFOFull  uart.o
    0x00003210   0x00003210   0x00000014   Code   RO          391    .text.DL_UART_receiveData  uart.o
    0x00003224   0x00003224   0x00000018   Code   RO         1064    .text.DL_UART_reset  ti_msp_dl_config.o
    0x0000323c   0x0000323c   0x0000004c   Code   RO         1140    .text.DL_UART_setBaudRateDivisor  ti_msp_dl_config.o
    0x00003288   0x00003288   0x00000020   Code   RO         2396    .text.DL_UART_setClockConfig  dl_uart.o
    0x000032a8   0x000032a8   0x0000001e   Code   RO         1138    .text.DL_UART_setOversampling  ti_msp_dl_config.o
    0x000032c6   0x000032c6   0x00000016   Code   RO          381    .text.DL_UART_transmitData  uart.o
    0x000032dc   0x000032dc   0x00000034   Code   RO         2454    .text.DL_VREF_configReference  dl_vref.o
    0x00003310   0x00003310   0x00000016   Code   RO          896    .text.DL_VREF_enableInternalRef  temperature.o
    0x00003326   0x00003326   0x00000002   PAD
    0x00003328   0x00003328   0x00000018   Code   RO         1086    .text.DL_VREF_enablePower  ti_msp_dl_config.o
    0x00003340   0x00003340   0x00000018   Code   RO         1070    .text.DL_VREF_reset  ti_msp_dl_config.o
    0x00003358   0x00003358   0x00000024   Code   RO         2456    .text.DL_VREF_setClockConfig  dl_vref.o
    0x0000337c   0x0000337c   0x00000004   Code   RO         1016    .text.HardFault_Handler  main.o
    0x00003380   0x00003380   0x00000070   Code   RO         1046    .text.SYSCFG_DL_ADC12_0_init  ti_msp_dl_config.o
    0x000033f0   0x000033f0   0x0000002c   Code   RO         1174    .text.SYSCFG_DL_ADC_DMA_init  ti_msp_dl_config.o
    0x0000341c   0x0000341c   0x0000002c   Code   RO         1054    .text.SYSCFG_DL_DAC12_init  ti_msp_dl_config.o
    0x00003448   0x00003448   0x0000002c   Code   RO         1180    .text.SYSCFG_DL_DMA_DAC_init  ti_msp_dl_config.o
    0x00003474   0x00003474   0x0000002c   Code   RO         1186    .text.SYSCFG_DL_DMA_UART_RX_init  ti_msp_dl_config.o
    0x000034a0   0x000034a0   0x0000002c   Code   RO         1188    .text.SYSCFG_DL_DMA_UART_TX_init  ti_msp_dl_config.o
    0x000034cc   0x000034cc   0x0000002c   Code   RO         1182    .text.SYSCFG_DL_DMA_W25Q64_RX_init  ti_msp_dl_config.o
    0x000034f8   0x000034f8   0x00000030   Code   RO         1184    .text.SYSCFG_DL_DMA_W25Q64_TX_init  ti_msp_dl_config.o
    0x00003528   0x00003528   0x0000001c   Code   RO         1050    .text.SYSCFG_DL_DMA_init  ti_msp_dl_config.o
    0x00003544   0x00003544   0x0000020c   Code   RO         1032    .text.SYSCFG_DL_GPIO_init  ti_msp_dl_config.o
    0x00003750   0x00003750   0x0000008c   Code   RO         1036    .text.SYSCFG_DL_PWM_0_init  ti_msp_dl_config.o
    0x000037dc   0x000037dc   0x00000048   Code   RO         1044    .text.SYSCFG_DL_SPI_W25Q64_init  ti_msp_dl_config.o
    0x00003824   0x00003824   0x0000003c   Code   RO         1042    .text.SYSCFG_DL_SPI_init  ti_msp_dl_config.o
    0x00003860   0x00003860   0x00000060   Code   RO         1034    .text.SYSCFG_DL_SYSCTL_init  ti_msp_dl_config.o
    0x000038c0   0x000038c0   0x00000028   Code   RO         1038    .text.SYSCFG_DL_TIMER_0_init  ti_msp_dl_config.o
    0x000038e8   0x000038e8   0x0000003c   Code   RO         1052    .text.SYSCFG_DL_TRNG_init  ti_msp_dl_config.o
    0x00003924   0x00003924   0x0000004c   Code   RO         1040    .text.SYSCFG_DL_UART_0_init  ti_msp_dl_config.o
    0x00003970   0x00003970   0x0000002c   Code   RO         1048    .text.SYSCFG_DL_VREF_init  ti_msp_dl_config.o
    0x0000399c   0x0000399c   0x00000068   Code   RO         1028    .text.SYSCFG_DL_init  ti_msp_dl_config.o
    0x00003a04   0x00003a04   0x000000e4   Code   RO         1030    .text.SYSCFG_DL_initPower  ti_msp_dl_config.o
    0x00003ae8   0x00003ae8   0x00000200   Code   RO          982    .text.TEMP_TEST_runAll  temperature_test.o
    0x00003ce8   0x00003ce8   0x0000003c   Code   RO          884    .text.TEMP_getCalCode  temperature.o
    0x00003d24   0x00003d24   0x00000006   Code   RO          906    .text.TEMP_getCalibration_x10  temperature.o
    0x00003d2a   0x00003d2a   0x00000002   PAD
    0x00003d2c   0x00003d2c   0x0000005c   Code   RO          894    .text.TEMP_init     temperature.o
    0x00003d88   0x00003d88   0x00000018   Code   RO          904    .text.TEMP_read     temperature.o
    0x00003da0   0x00003da0   0x0000003c   Code   RO          888    .text.TEMP_readRaw  temperature.o
    0x00003ddc   0x00003ddc   0x000000a8   Code   RO          902    .text.TEMP_read_x10  temperature.o
    0x00003e84   0x00003e84   0x00000014   Code   RO          892    .text.TEMP_setDebugPrint  temperature.o
    0x00003e98   0x00003e98   0x00000010   Code   RO          849    .text.TEST_temperature  test.o
    0x00003ea8   0x00003ea8   0x0000000c   Code   RO          421    .text.UART0_IRQHandler  uart.o
    0x00003eb4   0x00003eb4   0x000000ac   Code   RO          423    .text.UART_dispatchInterrupt  uart.o
    0x00003f60   0x00003f60   0x00000048   Code   RO          367    .text.UART_getSlotIndex  uart.o
    0x00003fa8   0x00003fa8   0x0000005c   Code   RO          365    .text.UART_init     uart.o
    0x00004004   0x00004004   0x00000092   Code   RO          399    .text.UART_printf   uart.o
    0x00004096   0x00004096   0x0000007a   Code   RO          385    .text.UART_sendBuffer  uart.o
    0x00004110   0x00004110   0x0000004c   Code   RO          377    .text.UART_sendByte  uart.o
    0x0000415c   0x0000415c   0x00000044   Code   RO          379    .text.UART_waitTxReady  uart.o
    0x000041a0   0x000041a0   0x0000002c   Code   RO          369    .text.__NVIC_ClearPendingIRQ  uart.o
    0x000041cc   0x000041cc   0x0000002c   Code   RO          373    .text.__NVIC_EnableIRQ  uart.o
    0x000041f8   0x000041f8   0x00000084   Code   RO          371    .text.__NVIC_SetPriority  uart.o
    0x0000427c   0x0000427c   0x0000002c   Code   RO          984    .text.dbgPrint      temperature_test.o
    0x000042a8   0x000042a8   0x0000004c   Code   RO          156    .text.delay_ms      delay.o
    0x000042f4   0x000042f4   0x0000001a   Code   RO          154    .text.delay_runCycles  delay.o
    0x0000430e   0x0000430e   0x00000002   PAD
    0x00004310   0x00004310   0x0000004c   Code   RO          152    .text.delay_us      delay.o
    0x0000435c   0x0000435c   0x0000002c   Code   RO         1018    .text.main          main.o
    0x00004388   0x00004388   0x00000158   Code   RO          890    .text.readAdcChan   temperature.o
    0x000044e0   0x000044e0   0x00000030   Code   RO         2857    i.__ARM_common_ll_muluu  c_p.l(btod.o)
    0x00004510   0x00004510   0x0000002c   Code   RO         2882    i.__ARM_fpclassify  m_ps.l(fpclassify.o)
    0x0000453c   0x0000453c   0x0000000e   Code   RO         2717    i._is_digit         c_p.l(__printf_wp.o)
    0x0000454a   0x0000454a   0x00000002   PAD
    0x0000454c   0x0000454c   0x0000002c   Code   RO         2862    locale$$code        c_p.l(lc_numeric_c.o)
    0x00004578   0x00004578   0x0000002c   Code   RO         2892    locale$$code        c_p.l(lc_ctype_c.o)
    0x000045a4   0x000045a4   0x00000010   Code   RO         2758    x$fpl$printf1       fz_ps.l(printf1.o)
    0x000045b4   0x000045b4   0x00000010   Code   RO         2760    x$fpl$printf2       fz_ps.l(printf2.o)
    0x000045c4   0x000045c4   0x00000000   Code   RO         2766    x$fpl$usenofp       fz_ps.l(usenofp.o)
    0x000045c4   0x000045c4   0x00000040   Data   RO         2634    .constdata          fz_ps.l(fdiv.o)
    0x00004604   0x00004604   0x00000008   Data   RO         2676    .constdata          c_p.l(_printf_wctomb.o)
    0x0000460c   0x0000460c   0x00000028   Data   RO         2705    .constdata          c_p.l(_printf_hex_int_ll_ptr.o)
    0x00004634   0x00004634   0x00000011   Data   RO         2725    .constdata          c_p.l(__printf_flags_ss_wp.o)
    0x00004645   0x00004645   0x00000026   Data   RO         2819    .constdata          c_p.l(_printf_fp_hex.o)
    0x0000466b   0x0000466b   0x00000001   PAD
    0x0000466c   0x0000466c   0x00000094   Data   RO         2852    .constdata          c_p.l(bigflt0.o)
    0x00004700   0x00004700   0x00000008   Data   RO         1222    .rodata.gADC12_0ClockConfig  ti_msp_dl_config.o
    0x00004708   0x00004708   0x00000018   Data   RO         1225    .rodata.gADC_DMAConfig  ti_msp_dl_config.o
    0x00004720   0x00004720   0x00000020   Data   RO         1231    .rodata.gDAC12Config  ti_msp_dl_config.o
    0x00004740   0x00004740   0x00000018   Data   RO         1226    .rodata.gDMA_DACConfig  ti_msp_dl_config.o
    0x00004758   0x00004758   0x00000018   Data   RO         1229    .rodata.gDMA_UART_RXConfig  ti_msp_dl_config.o
    0x00004770   0x00004770   0x00000018   Data   RO         1230    .rodata.gDMA_UART_TXConfig  ti_msp_dl_config.o
    0x00004788   0x00004788   0x00000018   Data   RO         1227    .rodata.gDMA_W25Q64_RXConfig  ti_msp_dl_config.o
    0x000047a0   0x000047a0   0x00000018   Data   RO         1228    .rodata.gDMA_W25Q64_TXConfig  ti_msp_dl_config.o
    0x000047b8   0x000047b8   0x00000003   Data   RO         1212    .rodata.gPWM_0ClockConfig  ti_msp_dl_config.o
    0x000047bb   0x000047bb   0x00000001   PAD
    0x000047bc   0x000047bc   0x00000008   Data   RO         1213    .rodata.gPWM_0Config  ti_msp_dl_config.o
    0x000047c4   0x000047c4   0x00000002   Data   RO         1220    .rodata.gSPI_W25Q64_clockConfig  ti_msp_dl_config.o
    0x000047c6   0x000047c6   0x0000000a   Data   RO         1221    .rodata.gSPI_W25Q64_config  ti_msp_dl_config.o
    0x000047d0   0x000047d0   0x00000002   Data   RO         1218    .rodata.gSPI_clockConfig  ti_msp_dl_config.o
    0x000047d2   0x000047d2   0x0000000a   Data   RO         1219    .rodata.gSPI_config  ti_msp_dl_config.o
    0x000047dc   0x000047dc   0x00000028   Data   RO         1211    .rodata.gSYSPLLConfig  ti_msp_dl_config.o
    0x00004804   0x00004804   0x00000003   Data   RO         1214    .rodata.gTIMER_0ClockConfig  ti_msp_dl_config.o
    0x00004807   0x00004807   0x00000001   PAD
    0x00004808   0x00004808   0x00000014   Data   RO         1215    .rodata.gTIMER_0TimerConfig  ti_msp_dl_config.o
    0x0000481c   0x0000481c   0x00000002   Data   RO         1216    .rodata.gUART_0ClockConfig  ti_msp_dl_config.o
    0x0000481e   0x0000481e   0x0000000a   Data   RO         1217    .rodata.gUART_0Config  ti_msp_dl_config.o
    0x00004828   0x00004828   0x00000002   Data   RO         1223    .rodata.gVREFClockConfig  ti_msp_dl_config.o
    0x0000482a   0x0000482a   0x00000008   Data   RO         1224    .rodata.gVREFConfig  ti_msp_dl_config.o
    0x00004832   0x00004832   0x00000095   Data   RO          933    .rodata.str1.1      temperature.o
    0x000048c7   0x000048c7   0x00000187   Data   RO          987    .rodata.str1.1      temperature_test.o
    0x00004a4e   0x00004a4e   0x00000002   PAD
    0x00004a50   0x00004a50   0x00000020   Data   RO         3028    Region$$Table       anon$$obj.o
    0x00004a70   0x00004a70   0x0000001c   Data   RO         2861    locale$$data        c_p.l(lc_numeric_c.o)
    0x00004a8c   0x00004a8c   0x00000110   Data   RO         2891    locale$$data        c_p.l(lc_ctype_c.o)


    Execution Region RW_IRAM1 (Exec base: 0x20200000, Load base: 0x00004ba0, Size: 0x000024f0, Max: 0x00010000, ABSOLUTE)

    Exec Addr    Load Addr    Size         Type   Attr      Idx    E Section Name        Object

    0x20200000   0x00004ba0   0x00000044   Data   RW         2470    .TrimTable          dl_factoryregion.o
    0x20200044   0x00004be4   0x00000004   Data   RW         2471    .data.FACTORYVALUE  dl_factoryregion.o
    0x20200048   0x00004be8   0x00000014   Data   RW          481    .data.g_uartSlots   uart.o
    0x2020005c   0x00004bfc   0x00000004   PAD
    0x20200060        -       0x00000060   Zero   RW         2837    .bss                c_p.l(libspace.o)
    0x202000c0        -       0x000000bc   Zero   RW         1206    .bss.gPWM_0Backup   ti_msp_dl_config.o
    0x2020017c        -       0x00000028   Zero   RW         1208    .bss.gSPIBackup     ti_msp_dl_config.o
    0x202001a4        -       0x00000028   Zero   RW         1209    .bss.gSPI_W25Q64Backup  ti_msp_dl_config.o
    0x202001cc        -       0x000000bc   Zero   RW         1207    .bss.gTIMER_0Backup  ti_msp_dl_config.o
    0x20200288        -       0x00000010   Zero   RW         1210    .bss.gTRNGBackup    ti_msp_dl_config.o
    0x20200298        -       0x00000240   Zero   RW           87    .bss.g_adcChannelStates  adc.o
    0x202004d8        -       0x00000001   Zero   RW           86    .bss.g_adcLastStatus  adc.o
    0x202004d9   0x00004bfc   0x00000003   PAD
    0x202004dc        -       0x00000004   Zero   RW          934    .bss.g_cal          temperature.o
    0x202004e0        -       0x00000004   Zero   RW          932    .bss.g_dbg          temperature.o
    0x202004e4        -       0x00000001   Zero   RW          935    .bss.g_init         temperature.o
    0x202004e5   0x00004bfc   0x00000003   PAD
    0x202004e8        -       0x00000004   Zero   RW          986    .bss.g_uart         temperature_test.o
    0x202004ec   0x00004bfc   0x00000004   PAD
    0x202004f0        -       0x00000000   Zero   RW         2565    HEAP                startup_mspm0g351x_uvision.o
    0x202004f0        -       0x00002000   Zero   RW         2564    STACK               startup_mspm0g351x_uvision.o


    Execution Region RW_IRAM2 (Exec base: 0x20210000, Load base: 0x00004c00, Size: 0x00000000, Max: 0x00010000, ABSOLUTE)

    **** No section assigned to this execution region ****



  Load Region LR_BCR (Base: 0x41c00000, Size: 0x00000000, Max: 0x00000100, ABSOLUTE)

    Execution Region BCR_CONFIG (Exec base: 0x41c00000, Load base: 0x41c00000, Size: 0x00000000, Max: 0x000000ff, ABSOLUTE)

    **** No section assigned to this execution region ****



  Load Region LR_BSL (Base: 0x41c00100, Size: 0x00000000, Max: 0x00000100, ABSOLUTE)

    Execution Region BSL_CONFIG (Exec base: 0x41c00100, Load base: 0x41c00100, Size: 0x00000000, Max: 0x00000080, ABSOLUTE)

    **** No section assigned to this execution region ****



  Load Region LR_DATA (Base: 0x41d00000, Size: 0x00000000, Max: 0x00004000, ABSOLUTE)

    Execution Region DATA (Exec base: 0x41d00000, Load base: 0x41d00000, Size: 0x00000000, Max: 0x00004000, ABSOLUTE)

    **** No section assigned to this execution region ****


==============================================================================

Image component sizes


      Code (inc. data)   RO Data    RW Data    ZI Data      Debug   Object Name

       118          8          0          0        577      13688   adc.o
         2          0          0          0          0       6895   dac.o
       178          8          0          0          0       1206   delay.o
       112          8          0          0          0       4072   dl_adc12.o
        20          0          0          0          0        592   dl_common.o
       208         24          0          0          0       6683   dl_dac12.o
       250          4          0          0          0       4165   dl_dma.o
       176         72          0         72          0       2098   dl_factoryregion.o
       148         12          0          0          0      10789   dl_spi.o
       692         56          0          0          0      12656   dl_sysctl_mspm0gx51x.o
      1288        188          0          0          0      25615   dl_timer.o
       166          4          0          0          0      10810   dl_uart.o
        88          8          0          0          0       2500   dl_vref.o
        48          4          0          0          0       2458   main.o
        44         18        192          0       8192        668   startup_mspm0g351x_uvision.o
      1258         76        149          0          9       9199   temperature.o
       556         92        391          0          4       3531   temperature_test.o
        16          0          0          0          0       8256   test.o
      3820        356        304          0        472      47822   ti_msp_dl_config.o
      1088         36          0         20          0      20143   uart.o

    ----------------------------------------------------------------------
     10298        974       1072         92       9268     193846   Object Totals
         0          0         32          0          0          0   (incl. Generated)
        22          0          4          0         14          0   (incl. Padding)

    ----------------------------------------------------------------------

      Code (inc. data)   RO Data    RW Data    ZI Data      Debug   Library Member Name

         8          0          0          0          0         68   __main.o
       392          6         17          0          0         76   __printf_flags_ss_wp.o
        14          0          0          0          0         60   __printf_wp.o
         0          0          0          0          0          0   __rtentry.o
        12          0          0          0          0          0   __rtentry2.o
         6          0          0          0          0          0   __rtentry4.o
        86         10          0          0          0          0   __scatter.o
        26          0          0          0          0          0   __scatter_copy.o
        28          0          0          0          0          0   __scatter_zi.o
        66          0          0          0          0         76   _c16rtomb.o
        10          0          0          0          0          0   _printf_a.o
        10          0          0          0          0          0   _printf_c.o
        46          0          0          0          0        100   _printf_char.o
        48          6          0          0          0         88   _printf_char_common.o
        38          0          0          0          0         60   _printf_charcount.o
        10          0          0          0          0          0   _printf_d.o
       108         18          0          0          0         76   _printf_dec.o
        10          0          0          0          0          0   _printf_e.o
        10          0          0          0          0          0   _printf_f.o
      1044         12          0          0          0        116   _printf_fp_dec.o
       728         10         38          0          0         84   _printf_fp_hex.o
       136         16          0          0          0         76   _printf_fp_infnan.o
        10          0          0          0          0          0   _printf_g.o
       152          4         40          0          0        148   _printf_hex_int_ll_ptr.o
        10          0          0          0          0          0   _printf_i.o
       176          0          0          0          0         84   _printf_intcommon.o
        10          0          0          0          0          0   _printf_l.o
        10          0          0          0          0          0   _printf_lc.o
        10          0          0          0          0          0   _printf_ll.o
        10          0          0          0          0          0   _printf_lld.o
        10          0          0          0          0          0   _printf_lli.o
        10          0          0          0          0          0   _printf_llo.o
        10          0          0          0          0          0   _printf_llu.o
        10          0          0          0          0          0   _printf_llx.o
       112         18          0          0          0         76   _printf_longlong_dec.o
        10          0          0          0          0          0   _printf_ls.o
        10          0          0          0          0          0   _printf_n.o
        10          0          0          0          0          0   _printf_o.o
       112         10          0          0          0        112   _printf_oct_int_ll.o
        10          0          0          0          0          0   _printf_p.o
        78          0          0          0          0        100   _printf_pad.o
         2          0          0          0          0          0   _printf_percent.o
         4          0          0          0          0          0   _printf_percent_end.o
        10          0          0          0          0          0   _printf_s.o
        82          0          0          0          0         72   _printf_str.o
        36          0          0          0          0         76   _printf_truncate.o
        10          0          0          0          0          0   _printf_u.o
        46          0          0          0          0        100   _printf_wchar.o
       188          6          8          0          0         80   _printf_wctomb.o
        10          0          0          0          0          0   _printf_x.o
        16          0          0          0          0         60   _snputc.o
       364          4          0          0          0         92   aeabi_sdiv.o
       216          6        148          0          0         80   bigflt0.o
      1456         30          0          0          0        336   btod.o
        16          0          0          0          0         68   exit.o
         6          0          0          0          0        136   heapauxi.o
         0          0          0          0          0          0   indicate_semi.o
        44         10        272          0          0         76   lc_ctype_c.o
        44         10         28          0          0         76   lc_numeric_c.o
         2          0          0          0          0          0   libinit.o
        30          0          0          0          0          0   libinit2.o
         2          0          0          0          0          0   libshutdown.o
         2          0          0          0          0          0   libshutdown2.o
         8          4          0          0         96         68   libspace.o
       122          0          0          0          0         72   lludiv10.o
        16          4          0          0          0         76   rt_ctype_table.o
         8          4          0          0          0         68   rt_locale_intlibspace.o
         2          0          0          0          0          0   rtexit.o
        10          0          0          0          0          0   rtexit2.o
        40          0          0          0          0         60   rtudiv10.o
        64          4          0          0          0         84   snprintf.o
       136          4          0          0          0         72   strcmp.o
        12          4          0          0          0         60   sys_exit.o
        62          0          0          0          0         80   sys_stackheap_outer.o
         2          0          0          0          0         68   use_no_semi.o
        60          4          0          0          0         72   vsnprintf.o
        84          4          0          0          0         60   f2d.o
       352         10         64          0          0         92   fdiv.o
        94          0          0          0          0         92   fflti.o
        16          4          0          0          0         76   printf1.o
        16          4          0          0          0         76   printf2.o
         0          0          0          0          0          0   usenofp.o
        44          4          0          0          0         60   fpclassify.o

    ----------------------------------------------------------------------
      7370        234        616          0         96       3888   Library Totals
        30          4          1          0          0          0   (incl. Padding)

    ----------------------------------------------------------------------

      Code (inc. data)   RO Data    RW Data    ZI Data      Debug   Library Name

      6734        204        551          0         96       3432   c_p.l
       562         22         64          0          0        396   fz_ps.l
        44          4          0          0          0         60   m_ps.l

    ----------------------------------------------------------------------
      7370        234        616          0         96       3888   Library Totals

    ----------------------------------------------------------------------

==============================================================================


      Code (inc. data)   RO Data    RW Data    ZI Data      Debug   

     17668       1208       1688         92       9364     195578   Grand Totals
     17668       1208       1688         92       9364     195578   ELF Image Totals
     17668       1208       1688         92          0          0   ROM Totals

==============================================================================

    Total RO  Size (Code + RO Data)                19356 (  18.90kB)
    Total RW  Size (RW Data + ZI Data)              9456 (   9.23kB)
    Total ROM Size (Code + RO Data + RW Data)      19448 (  18.99kB)

==============================================================================

